Archive member included to satisfy reference by file (symbol)

d:/intelfpga/18.0/nios2eds/bin/gnu/h-x86_64-mingw32/bin/../lib/gcc/nios2-elf/5.3.0/../../../../../H-x86_64-mingw32/nios2-elf/lib\libsmallc.a(lib_a-puts.o)
                              obj/default/hello_world.o (puts)
d:/intelfpga/18.0/nios2eds/bin/gnu/h-x86_64-mingw32/bin/../lib/gcc/nios2-elf/5.3.0/../../../../../H-x86_64-mingw32/nios2-elf/lib\libsmallc.a(lib_a-strlen.o)
                              d:/intelfpga/18.0/nios2eds/bin/gnu/h-x86_64-mingw32/bin/../lib/gcc/nios2-elf/5.3.0/../../../../../H-x86_64-mingw32/nios2-elf/lib\libsmallc.a(lib_a-puts.o) (strlen)
d:/intelfpga/18.0/nios2eds/bin/gnu/h-x86_64-mingw32/bin/../lib/gcc/nios2-elf/5.3.0/../../../../../H-x86_64-mingw32/nios2-elf/lib\libsmallc.a(lib_a-fvwrite_small_dev.o)
                              d:/intelfpga/18.0/nios2eds/bin/gnu/h-x86_64-mingw32/bin/../lib/gcc/nios2-elf/5.3.0/../../../../../H-x86_64-mingw32/nios2-elf/lib\libsmallc.a(lib_a-puts.o) (__sfvwrite_small_dev)
d:/intelfpga/18.0/nios2eds/bin/gnu/h-x86_64-mingw32/bin/../lib/gcc/nios2-elf/5.3.0/../../../../../H-x86_64-mingw32/nios2-elf/lib\libsmallc.a(lib_a-impure.o)
                              d:/intelfpga/18.0/nios2eds/bin/gnu/h-x86_64-mingw32/bin/../lib/gcc/nios2-elf/5.3.0/../../../../../H-x86_64-mingw32/nios2-elf/lib\libsmallc.a(lib_a-puts.o) (_impure_ptr)
d:/intelfpga/18.0/nios2eds/bin/gnu/h-x86_64-mingw32/bin/../lib/gcc/nios2-elf/5.3.0/../../../../../H-x86_64-mingw32/nios2-elf/lib\libsmallc.a(lib_a-writer.o)
                              d:/intelfpga/18.0/nios2eds/bin/gnu/h-x86_64-mingw32/bin/../lib/gcc/nios2-elf/5.3.0/../../../../../H-x86_64-mingw32/nios2-elf/lib\libsmallc.a(lib_a-fvwrite_small_dev.o) (_write_r)
d:/intelfpga/18.0/nios2eds/bin/gnu/h-x86_64-mingw32/bin/../lib/gcc/nios2-elf/5.3.0/../../../../../H-x86_64-mingw32/nios2-elf/lib\libsmallc.a(lib_a-int_errno.o)
                              d:/intelfpga/18.0/nios2eds/bin/gnu/h-x86_64-mingw32/bin/../lib/gcc/nios2-elf/5.3.0/../../../../../H-x86_64-mingw32/nios2-elf/lib\libsmallc.a(lib_a-writer.o) (errno)
../LED_bsp/\libhal_bsp.a(alt_iic.o)
                              obj/default/hello_world.o (alt_ic_isr_register)
../LED_bsp/\libhal_bsp.a(alt_iic_isr_register.o)
                              ../LED_bsp/\libhal_bsp.a(alt_iic.o) (alt_iic_isr_register)
../LED_bsp/\libhal_bsp.a(alt_irq_entry.o)
                              ../LED_bsp/\libhal_bsp.a(alt_iic_isr_register.o) (alt_irq_entry)
../LED_bsp/\libhal_bsp.a(alt_irq_handler.o)
                              ../LED_bsp/\libhal_bsp.a(alt_iic_isr_register.o) (alt_irq)
../LED_bsp/\libhal_bsp.a(alt_irq_vars.o)
                              ../LED_bsp/\libhal_bsp.a(alt_iic.o) (alt_irq_active)
../LED_bsp/\libhal_bsp.a(alt_load.o)
                              ../LED_bsp//obj/HAL/src/crt0.o (alt_load)
../LED_bsp/\libhal_bsp.a(alt_main.o)
                              ../LED_bsp//obj/HAL/src/crt0.o (alt_main)
../LED_bsp/\libhal_bsp.a(alt_usleep.o)
                              obj/default/hello_world.o (usleep)
../LED_bsp/\libhal_bsp.a(alt_write.o)
                              d:/intelfpga/18.0/nios2eds/bin/gnu/h-x86_64-mingw32/bin/../lib/gcc/nios2-elf/5.3.0/../../../../../H-x86_64-mingw32/nios2-elf/lib\libsmallc.a(lib_a-writer.o) (write)
../LED_bsp/\libhal_bsp.a(alt_sys_init.o)
                              ../LED_bsp/\libhal_bsp.a(alt_main.o) (alt_irq_init)
../LED_bsp/\libhal_bsp.a(altera_avalon_jtag_uart_fd.o)
                              ../LED_bsp/\libhal_bsp.a(alt_sys_init.o) (altera_avalon_jtag_uart_read_fd)
../LED_bsp/\libhal_bsp.a(altera_avalon_jtag_uart_read.o)
                              ../LED_bsp/\libhal_bsp.a(altera_avalon_jtag_uart_fd.o) (altera_avalon_jtag_uart_read)
../LED_bsp/\libhal_bsp.a(altera_avalon_jtag_uart_write.o)
                              ../LED_bsp/\libhal_bsp.a(altera_avalon_jtag_uart_fd.o) (altera_avalon_jtag_uart_write)
../LED_bsp/\libhal_bsp.a(alt_busy_sleep.o)
                              ../LED_bsp/\libhal_bsp.a(alt_usleep.o) (alt_busy_sleep)
../LED_bsp/\libhal_bsp.a(alt_close.o)
                              ../LED_bsp/\libhal_bsp.a(alt_main.o) (close)
../LED_bsp/\libhal_bsp.a(alt_dcache_flush_all.o)
                              ../LED_bsp/\libhal_bsp.a(alt_load.o) (alt_dcache_flush_all)
../LED_bsp/\libhal_bsp.a(alt_dev.o)
                              ../LED_bsp/\libhal_bsp.a(alt_sys_init.o) (alt_dev_list)
../LED_bsp/\libhal_bsp.a(alt_dev_llist_insert.o)
                              ../LED_bsp/\libhal_bsp.a(alt_sys_init.o) (alt_dev_llist_insert)
../LED_bsp/\libhal_bsp.a(alt_errno.o)
                              ../LED_bsp/\libhal_bsp.a(alt_write.o) (alt_errno)
../LED_bsp/\libhal_bsp.a(alt_exception_entry.o)
                              ../LED_bsp/\libhal_bsp.a(alt_irq_entry.o) (alt_exception)
../LED_bsp/\libhal_bsp.a(alt_exit.o)
                              ../LED_bsp/\libhal_bsp.a(alt_main.o) (_exit)
../LED_bsp/\libhal_bsp.a(alt_icache_flush_all.o)
                              ../LED_bsp/\libhal_bsp.a(alt_load.o) (alt_icache_flush_all)
../LED_bsp/\libhal_bsp.a(alt_instruction_exception_entry.o)
                              ../LED_bsp/\libhal_bsp.a(alt_exception_entry.o) (alt_instruction_exception_entry)
../LED_bsp/\libhal_bsp.a(alt_io_redirect.o)
                              ../LED_bsp/\libhal_bsp.a(alt_main.o) (alt_io_redirect)
../LED_bsp/\libhal_bsp.a(alt_open.o)
                              ../LED_bsp/\libhal_bsp.a(alt_io_redirect.o) (open)
../LED_bsp/\libhal_bsp.a(alt_release_fd.o)
                              ../LED_bsp/\libhal_bsp.a(alt_close.o) (alt_release_fd)
../LED_bsp/\libhal_bsp.a(altera_nios2_gen2_irq.o)
                              ../LED_bsp/\libhal_bsp.a(alt_sys_init.o) (altera_nios2_gen2_irq_init)
../LED_bsp/\libhal_bsp.a(alt_find_dev.o)
                              ../LED_bsp/\libhal_bsp.a(alt_open.o) (alt_find_dev)
../LED_bsp/\libhal_bsp.a(alt_find_file.o)
                              ../LED_bsp/\libhal_bsp.a(alt_open.o) (alt_find_file)
../LED_bsp/\libhal_bsp.a(alt_get_fd.o)
                              ../LED_bsp/\libhal_bsp.a(alt_open.o) (alt_get_fd)
../LED_bsp/\libhal_bsp.a(alt_icache_flush.o)
                              ../LED_bsp/\libhal_bsp.a(alt_icache_flush_all.o) (alt_icache_flush)
d:/intelfpga/18.0/nios2eds/bin/gnu/h-x86_64-mingw32/bin/../lib/gcc/nios2-elf/5.3.0/../../../../../H-x86_64-mingw32/nios2-elf/lib\libsmallc.a(lib_a-memcmp.o)
                              ../LED_bsp/\libhal_bsp.a(alt_find_dev.o) (memcmp)
d:/intelfpga/18.0/nios2eds/bin/gnu/h-x86_64-mingw32/bin/../lib/gcc/nios2-elf/5.3.0\libgcc.a(lib2-divmod.o)
                              ../LED_bsp/\libhal_bsp.a(alt_busy_sleep.o) (__udivsi3)

Allocating common symbols
Common symbol       size              file

alt_irq             0x100             ../LED_bsp/\libhal_bsp.a(alt_irq_handler.o)
errno               0x4               d:/intelfpga/18.0/nios2eds/bin/gnu/h-x86_64-mingw32/bin/../lib/gcc/nios2-elf/5.3.0/../../../../../H-x86_64-mingw32/nios2-elf/lib\libsmallc.a(lib_a-int_errno.o)
i                   0x1               obj/default/hello_world.o

Memory Configuration

Name             Origin             Length             Attributes
reset            0x0000000000010000 0x0000000000000020
ROM              0x0000000000010020 0x0000000000009fe0
RAM_BEFORE_EXCEPTION 0x0000000000028000 0x0000000000000020
RAM              0x0000000000028020 0x0000000000004fe0
*default*        0x0000000000000000 0xffffffffffffffff

Linker script and memory map

LOAD ../LED_bsp//obj/HAL/src/crt0.o
LOAD obj/default/hello_world.o
LOAD d:/intelfpga/18.0/nios2eds/bin/gnu/h-x86_64-mingw32/bin/../lib/gcc/nios2-elf/5.3.0/../../../../../H-x86_64-mingw32/nios2-elf/lib\libstdc++.a
LOAD d:/intelfpga/18.0/nios2eds/bin/gnu/h-x86_64-mingw32/bin/../lib/gcc/nios2-elf/5.3.0/../../../../../H-x86_64-mingw32/nios2-elf/lib\libm.a
LOAD d:/intelfpga/18.0/nios2eds/bin/gnu/h-x86_64-mingw32/bin/../lib/gcc/nios2-elf/5.3.0\libgcc.a
START GROUP
LOAD d:/intelfpga/18.0/nios2eds/bin/gnu/h-x86_64-mingw32/bin/../lib/gcc/nios2-elf/5.3.0/../../../../../H-x86_64-mingw32/nios2-elf/lib\libsmallc.a
LOAD d:/intelfpga/18.0/nios2eds/bin/gnu/h-x86_64-mingw32/bin/../lib/gcc/nios2-elf/5.3.0\libgcc.a
LOAD ../LED_bsp/\libhal_bsp.a
LOAD d:/intelfpga/18.0/nios2eds/bin/gnu/h-x86_64-mingw32/bin/../lib/gcc/nios2-elf/5.3.0/../../../../../H-x86_64-mingw32/nios2-elf/lib\libm.a
END GROUP
LOAD d:/intelfpga/18.0/nios2eds/bin/gnu/h-x86_64-mingw32/bin/../lib/gcc/nios2-elf/5.3.0\libgcc.a
                0x0000000000010000                __alt_mem_ROM = 0x10000
                0x0000000000028000                __alt_mem_RAM = 0x28000

.entry          0x0000000000010000       0x20
 *(.entry)
 .entry         0x0000000000010000       0x20 ../LED_bsp//obj/HAL/src/crt0.o
                0x0000000000010000                __reset

.exceptions     0x0000000000028020      0x224
                0x0000000000028020                PROVIDE (__ram_exceptions_start, ABSOLUTE (.))
                0x0000000000028020                . = ALIGN (0x20)
 *(.irq)
 *(.exceptions.entry.label)
 .exceptions.entry.label
                0x0000000000028020        0x0 ../LED_bsp/\libhal_bsp.a(alt_irq_entry.o)
                0x0000000000028020                alt_irq_entry
 .exceptions.entry.label
                0x0000000000028020        0x0 ../LED_bsp/\libhal_bsp.a(alt_exception_entry.o)
                0x0000000000028020                alt_exception
 *(.exceptions.entry.user)
 *(.exceptions.entry.ecc_fatal)
 *(.exceptions.entry)
 .exceptions.entry
                0x0000000000028020       0x54 ../LED_bsp/\libhal_bsp.a(alt_exception_entry.o)
 *(.exceptions.irqtest.user)
 *(.exceptions.irqtest)
 .exceptions.irqtest
                0x0000000000028074       0x10 ../LED_bsp/\libhal_bsp.a(alt_irq_entry.o)
 *(.exceptions.irqhandler.user)
 *(.exceptions.irqhandler)
 .exceptions.irqhandler
                0x0000000000028084        0x4 ../LED_bsp/\libhal_bsp.a(alt_irq_entry.o)
 *(.exceptions.irqreturn.user)
 *(.exceptions.irqreturn)
 .exceptions.irqreturn
                0x0000000000028088        0x4 ../LED_bsp/\libhal_bsp.a(alt_irq_entry.o)
 *(.exceptions.notirq.label)
 .exceptions.notirq.label
                0x000000000002808c        0x0 ../LED_bsp/\libhal_bsp.a(alt_irq_entry.o)
 *(.exceptions.notirq.user)
 *(.exceptions.notirq)
 .exceptions.notirq
                0x000000000002808c        0x8 ../LED_bsp/\libhal_bsp.a(alt_exception_entry.o)
 *(.exceptions.soft.user)
 *(.exceptions.soft)
 *(.exceptions.unknown.user)
 *(.exceptions.unknown)
 .exceptions.unknown
                0x0000000000028094       0x14 ../LED_bsp/\libhal_bsp.a(alt_exception_entry.o)
 *(.exceptions.exit.label)
 .exceptions.exit.label
                0x00000000000280a8        0x0 ../LED_bsp/\libhal_bsp.a(alt_irq_entry.o)
 .exceptions.exit.label
                0x00000000000280a8        0x0 ../LED_bsp/\libhal_bsp.a(alt_exception_entry.o)
 *(.exceptions.exit.user)
 *(.exceptions.exit)
 .exceptions.exit
                0x00000000000280a8       0x54 ../LED_bsp/\libhal_bsp.a(alt_exception_entry.o)
 *(.exceptions)
 .exceptions    0x00000000000280fc       0xd4 ../LED_bsp/\libhal_bsp.a(alt_irq_handler.o)
                0x00000000000280fc                alt_irq_handler
 .exceptions    0x00000000000281d0       0x74 ../LED_bsp/\libhal_bsp.a(alt_instruction_exception_entry.o)
                0x00000000000281d0                alt_instruction_exception_entry
                0x0000000000028244                PROVIDE (__ram_exceptions_end, ABSOLUTE (.))
                0x0000000000028020                PROVIDE (__flash_exceptions_start, LOADADDR (.exceptions))

.text           0x0000000000028244     0x1ac4
                [!provide]                        PROVIDE (stext, ABSOLUTE (.))
 *(.interp)
 *(.hash)
 *(.dynsym)
 *(.dynstr)
 *(.gnu.version)
 *(.gnu.version_d)
 *(.gnu.version_r)
 *(.rel.init)
 *(.rela.init)
 *(.rel.text .rel.text.* .rel.gnu.linkonce.t.*)
 *(.rela.text .rela.text.* .rela.gnu.linkonce.t.*)
 *(.rel.fini)
 *(.rela.fini)
 *(.rel.rodata .rel.rodata.* .rel.gnu.linkonce.r.*)
 *(.rela.rodata .rela.rodata.* .rela.gnu.linkonce.r.*)
 *(.rel.data .rel.data.* .rel.gnu.linkonce.d.*)
 *(.rela.data .rela.data.* .rela.gnu.linkonce.d.*)
 *(.rel.tdata .rel.tdata.* .rel.gnu.linkonce.td.*)
 *(.rela.tdata .rela.tdata.* .rela.gnu.linkonce.td.*)
 *(.rel.tbss .rel.tbss.* .rel.gnu.linkonce.tb.*)
 *(.rela.tbss .rela.tbss.* .rela.gnu.linkonce.tb.*)
 *(.rel.ctors)
 *(.rela.ctors)
 *(.rel.dtors)
 *(.rela.dtors)
 *(.rel.got)
 *(.rela.got)
 *(.rel.sdata .rel.sdata.* .rel.gnu.linkonce.s.*)
 *(.rela.sdata .rela.sdata.* .rela.gnu.linkonce.s.*)
 *(.rel.sbss .rel.sbss.* .rel.gnu.linkonce.sb.*)
 *(.rela.sbss .rela.sbss.* .rela.gnu.linkonce.sb.*)
 *(.rel.sdata2 .rel.sdata2.* .rel.gnu.linkonce.s2.*)
 *(.rela.sdata2 .rela.sdata2.* .rela.gnu.linkonce.s2.*)
 *(.rel.sbss2 .rel.sbss2.* .rel.gnu.linkonce.sb2.*)
 *(.rela.sbss2 .rela.sbss2.* .rela.gnu.linkonce.sb2.*)
 *(.rel.bss .rel.bss.* .rel.gnu.linkonce.b.*)
 *(.rela.bss .rela.bss.* .rela.gnu.linkonce.b.*)
 *(.rel.plt)
 *(.rela.plt)
 *(.rel.dyn)
 *(.init)
 *(.plt)
 *(.text .stub .text.* .gnu.linkonce.t.*)
 .text          0x0000000000028244       0x4c ../LED_bsp//obj/HAL/src/crt0.o
                0x0000000000028244                _start
 .text          0x0000000000028290      0x2f0 obj/default/hello_world.o
                0x0000000000028290                main
                0x0000000000028310                IRQ_Init
                0x0000000000028374                IRQ_Key_Interrupts
 .text          0x0000000000028580        0x0 d:/intelfpga/18.0/nios2eds/bin/gnu/h-x86_64-mingw32/bin/../lib/gcc/nios2-elf/5.3.0/../../../../../H-x86_64-mingw32/nios2-elf/lib\libsmallc.a(lib_a-puts.o)
 .text._puts_r  0x0000000000028580       0x80 d:/intelfpga/18.0/nios2eds/bin/gnu/h-x86_64-mingw32/bin/../lib/gcc/nios2-elf/5.3.0/../../../../../H-x86_64-mingw32/nios2-elf/lib\libsmallc.a(lib_a-puts.o)
                0x0000000000028580                _puts_r
 .text.puts     0x0000000000028600       0x14 d:/intelfpga/18.0/nios2eds/bin/gnu/h-x86_64-mingw32/bin/../lib/gcc/nios2-elf/5.3.0/../../../../../H-x86_64-mingw32/nios2-elf/lib\libsmallc.a(lib_a-puts.o)
                0x0000000000028600                puts
 .text          0x0000000000028614        0x0 d:/intelfpga/18.0/nios2eds/bin/gnu/h-x86_64-mingw32/bin/../lib/gcc/nios2-elf/5.3.0/../../../../../H-x86_64-mingw32/nios2-elf/lib\libsmallc.a(lib_a-strlen.o)
 .text.strlen   0x0000000000028614       0x1c d:/intelfpga/18.0/nios2eds/bin/gnu/h-x86_64-mingw32/bin/../lib/gcc/nios2-elf/5.3.0/../../../../../H-x86_64-mingw32/nios2-elf/lib\libsmallc.a(lib_a-strlen.o)
                0x0000000000028614                strlen
 .text          0x0000000000028630        0x0 d:/intelfpga/18.0/nios2eds/bin/gnu/h-x86_64-mingw32/bin/../lib/gcc/nios2-elf/5.3.0/../../../../../H-x86_64-mingw32/nios2-elf/lib\libsmallc.a(lib_a-fvwrite_small_dev.o)
 .text.__sfvwrite_small_dev
                0x0000000000028630       0xb8 d:/intelfpga/18.0/nios2eds/bin/gnu/h-x86_64-mingw32/bin/../lib/gcc/nios2-elf/5.3.0/../../../../../H-x86_64-mingw32/nios2-elf/lib\libsmallc.a(lib_a-fvwrite_small_dev.o)
                0x0000000000028630                __sfvwrite_small_dev
 .text          0x00000000000286e8        0x0 d:/intelfpga/18.0/nios2eds/bin/gnu/h-x86_64-mingw32/bin/../lib/gcc/nios2-elf/5.3.0/../../../../../H-x86_64-mingw32/nios2-elf/lib\libsmallc.a(lib_a-impure.o)
 .text          0x00000000000286e8        0x0 d:/intelfpga/18.0/nios2eds/bin/gnu/h-x86_64-mingw32/bin/../lib/gcc/nios2-elf/5.3.0/../../../../../H-x86_64-mingw32/nios2-elf/lib\libsmallc.a(lib_a-writer.o)
 .text._write_r
                0x00000000000286e8       0x58 d:/intelfpga/18.0/nios2eds/bin/gnu/h-x86_64-mingw32/bin/../lib/gcc/nios2-elf/5.3.0/../../../../../H-x86_64-mingw32/nios2-elf/lib\libsmallc.a(lib_a-writer.o)
                0x00000000000286e8                _write_r
 .text          0x0000000000028740        0x0 d:/intelfpga/18.0/nios2eds/bin/gnu/h-x86_64-mingw32/bin/../lib/gcc/nios2-elf/5.3.0/../../../../../H-x86_64-mingw32/nios2-elf/lib\libsmallc.a(lib_a-int_errno.o)
 .text          0x0000000000028740      0x1b0 ../LED_bsp/\libhal_bsp.a(alt_iic.o)
                0x0000000000028740                alt_ic_isr_register
                0x0000000000028790                alt_ic_irq_enable
                0x0000000000028818                alt_ic_irq_disable
                0x00000000000288a4                alt_ic_irq_enabled
 .text          0x00000000000288f0       0xf0 ../LED_bsp/\libhal_bsp.a(alt_iic_isr_register.o)
                0x00000000000288f0                alt_iic_isr_register
 .text          0x00000000000289e0        0x0 ../LED_bsp/\libhal_bsp.a(alt_irq_entry.o)
 .text          0x00000000000289e0        0x0 ../LED_bsp/\libhal_bsp.a(alt_irq_handler.o)
 .text          0x00000000000289e0        0x0 ../LED_bsp/\libhal_bsp.a(alt_irq_vars.o)
 .text          0x00000000000289e0       0xec ../LED_bsp/\libhal_bsp.a(alt_load.o)
                0x0000000000028a48                alt_load
 .text          0x0000000000028acc       0x6c ../LED_bsp/\libhal_bsp.a(alt_main.o)
                0x0000000000028acc                alt_main
 .text          0x0000000000028b38       0x30 ../LED_bsp/\libhal_bsp.a(alt_usleep.o)
                0x0000000000028b38                usleep
 .text          0x0000000000028b68      0x134 ../LED_bsp/\libhal_bsp.a(alt_write.o)
                0x0000000000028ba4                write
 .text          0x0000000000028c9c       0xa4 ../LED_bsp/\libhal_bsp.a(alt_sys_init.o)
                0x0000000000028cd0                alt_irq_init
                0x0000000000028d08                alt_sys_init
 .text          0x0000000000028d40       0xc0 ../LED_bsp/\libhal_bsp.a(altera_avalon_jtag_uart_fd.o)
                0x0000000000028d40                altera_avalon_jtag_uart_read_fd
                0x0000000000028da0                altera_avalon_jtag_uart_write_fd
 .text          0x0000000000028e00       0xec ../LED_bsp/\libhal_bsp.a(altera_avalon_jtag_uart_read.o)
                0x0000000000028e00                altera_avalon_jtag_uart_read
 .text          0x0000000000028eec       0x94 ../LED_bsp/\libhal_bsp.a(altera_avalon_jtag_uart_write.o)
                0x0000000000028eec                altera_avalon_jtag_uart_write
 .text          0x0000000000028f80      0x158 ../LED_bsp/\libhal_bsp.a(alt_busy_sleep.o)
                0x0000000000028f80                alt_busy_sleep
 .text          0x00000000000290d8      0x10c ../LED_bsp/\libhal_bsp.a(alt_close.o)
                0x0000000000029114                close
 .text          0x00000000000291e4       0x48 ../LED_bsp/\libhal_bsp.a(alt_dcache_flush_all.o)
                0x00000000000291e4                alt_dcache_flush_all
 .text          0x000000000002922c       0x2c ../LED_bsp/\libhal_bsp.a(alt_dev.o)
 .text          0x0000000000029258       0xe0 ../LED_bsp/\libhal_bsp.a(alt_dev_llist_insert.o)
                0x0000000000029294                alt_dev_llist_insert
 .text          0x0000000000029338        0x0 ../LED_bsp/\libhal_bsp.a(alt_errno.o)
 .text          0x0000000000029338        0x0 ../LED_bsp/\libhal_bsp.a(alt_exception_entry.o)
 .text          0x0000000000029338       0x34 ../LED_bsp/\libhal_bsp.a(alt_exit.o)
                0x0000000000029338                _exit
 .text          0x000000000002936c       0x34 ../LED_bsp/\libhal_bsp.a(alt_icache_flush_all.o)
                0x000000000002936c                alt_icache_flush_all
 .text          0x00000000000293a0       0x9c ../LED_bsp/\libhal_bsp.a(alt_instruction_exception_entry.o)
                0x00000000000293a0                alt_exception_cause_generated_bad_addr
 .text          0x000000000002943c      0x140 ../LED_bsp/\libhal_bsp.a(alt_io_redirect.o)
                0x0000000000029500                alt_io_redirect
 .text          0x000000000002957c      0x254 ../LED_bsp/\libhal_bsp.a(alt_open.o)
                0x000000000002967c                open
 .text          0x00000000000297d0       0x64 ../LED_bsp/\libhal_bsp.a(alt_release_fd.o)
                0x00000000000297d0                alt_release_fd
 .text          0x0000000000029834       0x24 ../LED_bsp/\libhal_bsp.a(altera_nios2_gen2_irq.o)
                0x0000000000029834                altera_nios2_gen2_irq_init
 .text          0x0000000000029858       0x90 ../LED_bsp/\libhal_bsp.a(alt_find_dev.o)
                0x0000000000029858                alt_find_dev
 .text          0x00000000000298e8      0x108 ../LED_bsp/\libhal_bsp.a(alt_find_file.o)
                0x00000000000298e8                alt_find_file
 .text          0x00000000000299f0       0xa4 ../LED_bsp/\libhal_bsp.a(alt_get_fd.o)
                0x00000000000299f0                alt_get_fd
 .text          0x0000000000029a94       0x90 ../LED_bsp/\libhal_bsp.a(alt_icache_flush.o)
                0x0000000000029a94                alt_icache_flush
 .text          0x0000000000029b24        0x0 d:/intelfpga/18.0/nios2eds/bin/gnu/h-x86_64-mingw32/bin/../lib/gcc/nios2-elf/5.3.0/../../../../../H-x86_64-mingw32/nios2-elf/lib\libsmallc.a(lib_a-memcmp.o)
 .text.memcmp   0x0000000000029b24       0x30 d:/intelfpga/18.0/nios2eds/bin/gnu/h-x86_64-mingw32/bin/../lib/gcc/nios2-elf/5.3.0/../../../../../H-x86_64-mingw32/nios2-elf/lib\libsmallc.a(lib_a-memcmp.o)
                0x0000000000029b24                memcmp
 .text          0x0000000000029b54      0x1b4 d:/intelfpga/18.0/nios2eds/bin/gnu/h-x86_64-mingw32/bin/../lib/gcc/nios2-elf/5.3.0\libgcc.a(lib2-divmod.o)
                0x0000000000029b54                __divsi3
                0x0000000000029bd8                __modsi3
                0x0000000000029c4c                __udivsi3
                0x0000000000029cb0                __umodsi3
 *(.gnu.warning.*)
 *(.fini)
                [!provide]                        PROVIDE (__etext, ABSOLUTE (.))
                [!provide]                        PROVIDE (_etext, ABSOLUTE (.))
                [!provide]                        PROVIDE (etext, ABSOLUTE (.))
 *(.eh_frame_hdr)
                0x0000000000029d08                . = ALIGN (0x4)
                [!provide]                        PROVIDE (__preinit_array_start, ABSOLUTE (.))
 *(.preinit_array)
                [!provide]                        PROVIDE (__preinit_array_end, ABSOLUTE (.))
                [!provide]                        PROVIDE (__init_array_start, ABSOLUTE (.))
 *(.init_array)
                [!provide]                        PROVIDE (__init_array_end, ABSOLUTE (.))
                [!provide]                        PROVIDE (__fini_array_start, ABSOLUTE (.))
 *(.fini_array)
                [!provide]                        PROVIDE (__fini_array_end, ABSOLUTE (.))
 *(.eh_frame)
 *(.gcc_except_table .gcc_except_table.*)
 *(.dynamic)
                [!provide]                        PROVIDE (__CTOR_LIST__, ABSOLUTE (.))
 *(.ctors)
 *(SORT(.ctors.*))
                [!provide]                        PROVIDE (__CTOR_END__, ABSOLUTE (.))
                [!provide]                        PROVIDE (__DTOR_LIST__, ABSOLUTE (.))
 *(.dtors)
 *(SORT(.dtors.*))
                [!provide]                        PROVIDE (__DTOR_END__, ABSOLUTE (.))
 *(.jcr)
                0x0000000000029d08                . = ALIGN (0x4)

.rodata         0x0000000000029d08       0x38
                0x0000000000029d08                PROVIDE (__ram_rodata_start, ABSOLUTE (.))
                0x0000000000029d08                . = ALIGN (0x4)
 *(.rodata .rodata.* .gnu.linkonce.r.*)
 .rodata        0x0000000000029d08        0xf obj/default/hello_world.o
 *fill*         0x0000000000029d17        0x1 
 .rodata.str1.4
                0x0000000000029d18        0x4 d:/intelfpga/18.0/nios2eds/bin/gnu/h-x86_64-mingw32/bin/../lib/gcc/nios2-elf/5.3.0/../../../../../H-x86_64-mingw32/nios2-elf/lib\libsmallc.a(lib_a-puts.o)
                                          0x2 (size before relaxing)
 .rodata        0x0000000000029d1c        0xa ../LED_bsp/\libhal_bsp.a(alt_main.o)
 *fill*         0x0000000000029d26        0x2 
 .rodata        0x0000000000029d28        0xa ../LED_bsp/\libhal_bsp.a(alt_sys_init.o)
 *fill*         0x0000000000029d32        0x2 
 .rodata        0x0000000000029d34        0xa ../LED_bsp/\libhal_bsp.a(alt_dev.o)
 *(.rodata1)
                0x0000000000029d40                . = ALIGN (0x4)
 *fill*         0x0000000000029d3e        0x2 
                0x0000000000029d40                PROVIDE (__ram_rodata_end, ABSOLUTE (.))
                0x0000000000029d08                PROVIDE (__flash_rodata_start, LOADADDR (.rodata))

.rwdata         0x0000000000029d40      0x3d0 load address 0x000000000002a110
                0x0000000000029d40                PROVIDE (__ram_rwdata_start, ABSOLUTE (.))
                0x0000000000029d40                . = ALIGN (0x4)
 *(.got.plt)
 *(.got)
 *(.data1)
 *(.data .data.* .gnu.linkonce.d.*)
 .data          0x0000000000029d40        0x0 ../LED_bsp//obj/HAL/src/crt0.o
 .data          0x0000000000029d40       0xf8 obj/default/hello_world.o
                0x0000000000029d40                LED_TB
 .data          0x0000000000029e38        0x0 d:/intelfpga/18.0/nios2eds/bin/gnu/h-x86_64-mingw32/bin/../lib/gcc/nios2-elf/5.3.0/../../../../../H-x86_64-mingw32/nios2-elf/lib\libsmallc.a(lib_a-puts.o)
 .data          0x0000000000029e38        0x0 d:/intelfpga/18.0/nios2eds/bin/gnu/h-x86_64-mingw32/bin/../lib/gcc/nios2-elf/5.3.0/../../../../../H-x86_64-mingw32/nios2-elf/lib\libsmallc.a(lib_a-strlen.o)
 .data          0x0000000000029e38        0x0 d:/intelfpga/18.0/nios2eds/bin/gnu/h-x86_64-mingw32/bin/../lib/gcc/nios2-elf/5.3.0/../../../../../H-x86_64-mingw32/nios2-elf/lib\libsmallc.a(lib_a-fvwrite_small_dev.o)
 .data          0x0000000000029e38        0x0 d:/intelfpga/18.0/nios2eds/bin/gnu/h-x86_64-mingw32/bin/../lib/gcc/nios2-elf/5.3.0/../../../../../H-x86_64-mingw32/nios2-elf/lib\libsmallc.a(lib_a-impure.o)
 .data.impure_data
                0x0000000000029e38       0xe0 d:/intelfpga/18.0/nios2eds/bin/gnu/h-x86_64-mingw32/bin/../lib/gcc/nios2-elf/5.3.0/../../../../../H-x86_64-mingw32/nios2-elf/lib\libsmallc.a(lib_a-impure.o)
 .data          0x0000000000029f18        0x0 d:/intelfpga/18.0/nios2eds/bin/gnu/h-x86_64-mingw32/bin/../lib/gcc/nios2-elf/5.3.0/../../../../../H-x86_64-mingw32/nios2-elf/lib\libsmallc.a(lib_a-writer.o)
 .data          0x0000000000029f18        0x0 d:/intelfpga/18.0/nios2eds/bin/gnu/h-x86_64-mingw32/bin/../lib/gcc/nios2-elf/5.3.0/../../../../../H-x86_64-mingw32/nios2-elf/lib\libsmallc.a(lib_a-int_errno.o)
 .data          0x0000000000029f18        0x0 ../LED_bsp/\libhal_bsp.a(alt_iic.o)
 .data          0x0000000000029f18        0x0 ../LED_bsp/\libhal_bsp.a(alt_iic_isr_register.o)
 .data          0x0000000000029f18        0x0 ../LED_bsp/\libhal_bsp.a(alt_irq_entry.o)
 .data          0x0000000000029f18        0x0 ../LED_bsp/\libhal_bsp.a(alt_irq_handler.o)
 .data          0x0000000000029f18        0x0 ../LED_bsp/\libhal_bsp.a(alt_irq_vars.o)
 .data          0x0000000000029f18        0x0 ../LED_bsp/\libhal_bsp.a(alt_load.o)
 .data          0x0000000000029f18        0x0 ../LED_bsp/\libhal_bsp.a(alt_main.o)
 .data          0x0000000000029f18        0x0 ../LED_bsp/\libhal_bsp.a(alt_usleep.o)
 .data          0x0000000000029f18        0x0 ../LED_bsp/\libhal_bsp.a(alt_write.o)
 .data          0x0000000000029f18       0x2c ../LED_bsp/\libhal_bsp.a(alt_sys_init.o)
 .data          0x0000000000029f44        0x0 ../LED_bsp/\libhal_bsp.a(altera_avalon_jtag_uart_fd.o)
 .data          0x0000000000029f44        0x0 ../LED_bsp/\libhal_bsp.a(altera_avalon_jtag_uart_read.o)
 .data          0x0000000000029f44        0x0 ../LED_bsp/\libhal_bsp.a(altera_avalon_jtag_uart_write.o)
 .data          0x0000000000029f44        0x0 ../LED_bsp/\libhal_bsp.a(alt_busy_sleep.o)
 .data          0x0000000000029f44        0x0 ../LED_bsp/\libhal_bsp.a(alt_close.o)
 .data          0x0000000000029f44        0x0 ../LED_bsp/\libhal_bsp.a(alt_dcache_flush_all.o)
 .data          0x0000000000029f44      0x1a8 ../LED_bsp/\libhal_bsp.a(alt_dev.o)
                0x0000000000029f44                alt_dev_null
                0x0000000000029f6c                alt_fd_list
 .data          0x000000000002a0ec        0x0 ../LED_bsp/\libhal_bsp.a(alt_dev_llist_insert.o)
 .data          0x000000000002a0ec        0x0 ../LED_bsp/\libhal_bsp.a(alt_errno.o)
 .data          0x000000000002a0ec        0x0 ../LED_bsp/\libhal_bsp.a(alt_exception_entry.o)
 .data          0x000000000002a0ec        0x0 ../LED_bsp/\libhal_bsp.a(alt_exit.o)
 .data          0x000000000002a0ec        0x0 ../LED_bsp/\libhal_bsp.a(alt_icache_flush_all.o)
 .data          0x000000000002a0ec        0x0 ../LED_bsp/\libhal_bsp.a(alt_instruction_exception_entry.o)
 .data          0x000000000002a0ec        0x0 ../LED_bsp/\libhal_bsp.a(alt_io_redirect.o)
 .data          0x000000000002a0ec        0x0 ../LED_bsp/\libhal_bsp.a(alt_open.o)
 .data          0x000000000002a0ec        0x0 ../LED_bsp/\libhal_bsp.a(alt_release_fd.o)
 .data          0x000000000002a0ec        0x0 ../LED_bsp/\libhal_bsp.a(altera_nios2_gen2_irq.o)
 .data          0x000000000002a0ec        0x0 ../LED_bsp/\libhal_bsp.a(alt_find_dev.o)
 .data          0x000000000002a0ec        0x0 ../LED_bsp/\libhal_bsp.a(alt_find_file.o)
 .data          0x000000000002a0ec        0x0 ../LED_bsp/\libhal_bsp.a(alt_get_fd.o)
 .data          0x000000000002a0ec        0x0 ../LED_bsp/\libhal_bsp.a(alt_icache_flush.o)
 .data          0x000000000002a0ec        0x0 d:/intelfpga/18.0/nios2eds/bin/gnu/h-x86_64-mingw32/bin/../lib/gcc/nios2-elf/5.3.0/../../../../../H-x86_64-mingw32/nios2-elf/lib\libsmallc.a(lib_a-memcmp.o)
 .data          0x000000000002a0ec        0x0 d:/intelfpga/18.0/nios2eds/bin/gnu/h-x86_64-mingw32/bin/../lib/gcc/nios2-elf/5.3.0\libgcc.a(lib2-divmod.o)
                0x00000000000320ec                _gp = ABSOLUTE ((. + 0x8000))
                [!provide]                        PROVIDE (gp, _gp)
 *(.rwdata .rwdata.*)
 *(.sdata .sdata.* .gnu.linkonce.s.*)
 .sdata._global_impure_ptr
                0x000000000002a0ec        0x4 d:/intelfpga/18.0/nios2eds/bin/gnu/h-x86_64-mingw32/bin/../lib/gcc/nios2-elf/5.3.0/../../../../../H-x86_64-mingw32/nios2-elf/lib\libsmallc.a(lib_a-impure.o)
                0x000000000002a0ec                _global_impure_ptr
 .sdata._impure_ptr
                0x000000000002a0f0        0x4 d:/intelfpga/18.0/nios2eds/bin/gnu/h-x86_64-mingw32/bin/../lib/gcc/nios2-elf/5.3.0/../../../../../H-x86_64-mingw32/nios2-elf/lib\libsmallc.a(lib_a-impure.o)
                0x000000000002a0f0                _impure_ptr
 .sdata         0x000000000002a0f4        0x4 ../LED_bsp/\libhal_bsp.a(alt_irq_vars.o)
                0x000000000002a0f4                alt_priority_mask
 .sdata         0x000000000002a0f8       0x14 ../LED_bsp/\libhal_bsp.a(alt_dev.o)
                0x000000000002a0f8                alt_fs_list
                0x000000000002a100                alt_dev_list
                0x000000000002a108                alt_max_fd
 .sdata         0x000000000002a10c        0x4 ../LED_bsp/\libhal_bsp.a(alt_errno.o)
                0x000000000002a10c                alt_errno
 *(.sdata2 .sdata2.* .gnu.linkonce.s2.*)
                0x000000000002a110                . = ALIGN (0x4)
                0x000000000002a110                _edata = ABSOLUTE (.)
                [!provide]                        PROVIDE (edata, ABSOLUTE (.))
                0x000000000002a110                PROVIDE (__ram_rwdata_end, ABSOLUTE (.))
                0x000000000002a110                PROVIDE (__flash_rwdata_start, LOADADDR (.rwdata))

.bss            0x000000000002a4e0      0x11c
                0x000000000002a4e0                __bss_start = ABSOLUTE (.)
                [!provide]                        PROVIDE (__sbss_start, ABSOLUTE (.))
                [!provide]                        PROVIDE (___sbss_start, ABSOLUTE (.))
 *(.dynsbss)
 *(.sbss .sbss.* .gnu.linkonce.sb.*)
 .sbss          0x000000000002a4e0        0x1 obj/default/hello_world.o
                0x000000000002a4e0                LED_Toggle
 .sbss          0x000000000002a4e1        0x1 obj/default/hello_world.o
                0x000000000002a4e1                i
 *fill*         0x000000000002a4e2        0x2 
 .sbss          0x000000000002a4e4        0x4 d:/intelfpga/18.0/nios2eds/bin/gnu/h-x86_64-mingw32/bin/../lib/gcc/nios2-elf/5.3.0/../../../../../H-x86_64-mingw32/nios2-elf/lib\libsmallc.a(lib_a-int_errno.o)
                0x000000000002a4e4                errno
 .sbss          0x000000000002a4e8        0x4 ../LED_bsp/\libhal_bsp.a(alt_irq_vars.o)
                0x000000000002a4e8                alt_irq_active
 .sbss          0x000000000002a4ec        0xc ../LED_bsp/\libhal_bsp.a(alt_main.o)
                0x000000000002a4ec                alt_argc
                0x000000000002a4f0                alt_argv
                0x000000000002a4f4                alt_envp
 .sbss          0x000000000002a4f8        0x4 ../LED_bsp/\libhal_bsp.a(alt_instruction_exception_entry.o)
                0x000000000002a4f8                alt_instruction_exception_handler
 *(.sbss2 .sbss2.* .gnu.linkonce.sb2.*)
 *(.scommon)
                [!provide]                        PROVIDE (__sbss_end, ABSOLUTE (.))
                [!provide]                        PROVIDE (___sbss_end, ABSOLUTE (.))
 *(.dynbss)
 *(.bss .bss.* .gnu.linkonce.b.*)
 .bss           0x000000000002a4fc        0x0 ../LED_bsp//obj/HAL/src/crt0.o
 .bss           0x000000000002a4fc        0x0 obj/default/hello_world.o
 .bss           0x000000000002a4fc        0x0 d:/intelfpga/18.0/nios2eds/bin/gnu/h-x86_64-mingw32/bin/../lib/gcc/nios2-elf/5.3.0/../../../../../H-x86_64-mingw32/nios2-elf/lib\libsmallc.a(lib_a-puts.o)
 .bss           0x000000000002a4fc        0x0 d:/intelfpga/18.0/nios2eds/bin/gnu/h-x86_64-mingw32/bin/../lib/gcc/nios2-elf/5.3.0/../../../../../H-x86_64-mingw32/nios2-elf/lib\libsmallc.a(lib_a-strlen.o)
 .bss           0x000000000002a4fc        0x0 d:/intelfpga/18.0/nios2eds/bin/gnu/h-x86_64-mingw32/bin/../lib/gcc/nios2-elf/5.3.0/../../../../../H-x86_64-mingw32/nios2-elf/lib\libsmallc.a(lib_a-fvwrite_small_dev.o)
 .bss           0x000000000002a4fc        0x0 d:/intelfpga/18.0/nios2eds/bin/gnu/h-x86_64-mingw32/bin/../lib/gcc/nios2-elf/5.3.0/../../../../../H-x86_64-mingw32/nios2-elf/lib\libsmallc.a(lib_a-impure.o)
 .bss           0x000000000002a4fc        0x0 d:/intelfpga/18.0/nios2eds/bin/gnu/h-x86_64-mingw32/bin/../lib/gcc/nios2-elf/5.3.0/../../../../../H-x86_64-mingw32/nios2-elf/lib\libsmallc.a(lib_a-writer.o)
 .bss           0x000000000002a4fc        0x0 d:/intelfpga/18.0/nios2eds/bin/gnu/h-x86_64-mingw32/bin/../lib/gcc/nios2-elf/5.3.0/../../../../../H-x86_64-mingw32/nios2-elf/lib\libsmallc.a(lib_a-int_errno.o)
 .bss           0x000000000002a4fc        0x0 ../LED_bsp/\libhal_bsp.a(alt_iic.o)
 .bss           0x000000000002a4fc        0x0 ../LED_bsp/\libhal_bsp.a(alt_iic_isr_register.o)
 .bss           0x000000000002a4fc        0x0 ../LED_bsp/\libhal_bsp.a(alt_irq_entry.o)
 .bss           0x000000000002a4fc        0x0 ../LED_bsp/\libhal_bsp.a(alt_irq_handler.o)
 .bss           0x000000000002a4fc        0x0 ../LED_bsp/\libhal_bsp.a(alt_irq_vars.o)
 .bss           0x000000000002a4fc        0x0 ../LED_bsp/\libhal_bsp.a(alt_load.o)
 .bss           0x000000000002a4fc        0x0 ../LED_bsp/\libhal_bsp.a(alt_main.o)
 .bss           0x000000000002a4fc        0x0 ../LED_bsp/\libhal_bsp.a(alt_usleep.o)
 .bss           0x000000000002a4fc        0x0 ../LED_bsp/\libhal_bsp.a(alt_write.o)
 .bss           0x000000000002a4fc        0x0 ../LED_bsp/\libhal_bsp.a(alt_sys_init.o)
 .bss           0x000000000002a4fc        0x0 ../LED_bsp/\libhal_bsp.a(altera_avalon_jtag_uart_fd.o)
 .bss           0x000000000002a4fc        0x0 ../LED_bsp/\libhal_bsp.a(altera_avalon_jtag_uart_read.o)
 .bss           0x000000000002a4fc        0x0 ../LED_bsp/\libhal_bsp.a(altera_avalon_jtag_uart_write.o)
 .bss           0x000000000002a4fc        0x0 ../LED_bsp/\libhal_bsp.a(alt_busy_sleep.o)
 .bss           0x000000000002a4fc        0x0 ../LED_bsp/\libhal_bsp.a(alt_close.o)
 .bss           0x000000000002a4fc        0x0 ../LED_bsp/\libhal_bsp.a(alt_dcache_flush_all.o)
 .bss           0x000000000002a4fc        0x0 ../LED_bsp/\libhal_bsp.a(alt_dev.o)
 .bss           0x000000000002a4fc        0x0 ../LED_bsp/\libhal_bsp.a(alt_dev_llist_insert.o)
 .bss           0x000000000002a4fc        0x0 ../LED_bsp/\libhal_bsp.a(alt_errno.o)
 .bss           0x000000000002a4fc        0x0 ../LED_bsp/\libhal_bsp.a(alt_exception_entry.o)
 .bss           0x000000000002a4fc        0x0 ../LED_bsp/\libhal_bsp.a(alt_exit.o)
 .bss           0x000000000002a4fc        0x0 ../LED_bsp/\libhal_bsp.a(alt_icache_flush_all.o)
 .bss           0x000000000002a4fc        0x0 ../LED_bsp/\libhal_bsp.a(alt_instruction_exception_entry.o)
 .bss           0x000000000002a4fc        0x0 ../LED_bsp/\libhal_bsp.a(alt_io_redirect.o)
 .bss           0x000000000002a4fc        0x0 ../LED_bsp/\libhal_bsp.a(alt_open.o)
 .bss           0x000000000002a4fc        0x0 ../LED_bsp/\libhal_bsp.a(alt_release_fd.o)
 .bss           0x000000000002a4fc        0x0 ../LED_bsp/\libhal_bsp.a(altera_nios2_gen2_irq.o)
 .bss           0x000000000002a4fc        0x0 ../LED_bsp/\libhal_bsp.a(alt_find_dev.o)
 .bss           0x000000000002a4fc        0x0 ../LED_bsp/\libhal_bsp.a(alt_find_file.o)
 .bss           0x000000000002a4fc        0x0 ../LED_bsp/\libhal_bsp.a(alt_get_fd.o)
 .bss           0x000000000002a4fc        0x0 ../LED_bsp/\libhal_bsp.a(alt_icache_flush.o)
 .bss           0x000000000002a4fc        0x0 d:/intelfpga/18.0/nios2eds/bin/gnu/h-x86_64-mingw32/bin/../lib/gcc/nios2-elf/5.3.0/../../../../../H-x86_64-mingw32/nios2-elf/lib\libsmallc.a(lib_a-memcmp.o)
 .bss           0x000000000002a4fc        0x0 d:/intelfpga/18.0/nios2eds/bin/gnu/h-x86_64-mingw32/bin/../lib/gcc/nios2-elf/5.3.0\libgcc.a(lib2-divmod.o)
 *(COMMON)
 COMMON         0x000000000002a4fc      0x100 ../LED_bsp/\libhal_bsp.a(alt_irq_handler.o)
                0x000000000002a4fc                alt_irq
                0x000000000002a5fc                . = ALIGN (0x4)
                0x000000000002a5fc                __bss_end = ABSOLUTE (.)

.ROM            0x0000000000010020        0x0 load address 0x000000000002a5fc
                [!provide]                        PROVIDE (_alt_partition_ROM_start, ABSOLUTE (.))
 *(.ROM .ROM. ROM.*)
                0x0000000000010020                . = ALIGN (0x4)
                [!provide]                        PROVIDE (_alt_partition_ROM_end, ABSOLUTE (.))
                [!provide]                        PROVIDE (_alt_partition_ROM_load_addr, LOADADDR (.ROM))

.RAM            0x000000000002a5fc        0x0
                [!provide]                        PROVIDE (_alt_partition_RAM_start, ABSOLUTE (.))
 *(.RAM .RAM. RAM.*)
                0x000000000002a5fc                . = ALIGN (0x4)
                [!provide]                        PROVIDE (_alt_partition_RAM_end, ABSOLUTE (.))
                0x000000000002a5fc                _end = ABSOLUTE (.)
                0x000000000002a5fc                end = ABSOLUTE (.)
                0x000000000002a5fc                __alt_stack_base = ABSOLUTE (.)
                [!provide]                        PROVIDE (_alt_partition_RAM_load_addr, LOADADDR (.RAM))

.stab
 *(.stab)

.stabstr
 *(.stabstr)

.stab.excl
 *(.stab.excl)

.stab.exclstr
 *(.stab.exclstr)

.stab.index
 *(.stab.index)

.stab.indexstr
 *(.stab.indexstr)

.comment        0x0000000000000000       0x23
 *(.comment)
 .comment       0x0000000000000000       0x23 obj/default/hello_world.o
                                         0x24 (size before relaxing)
 .comment       0x0000000000000023       0x24 d:/intelfpga/18.0/nios2eds/bin/gnu/h-x86_64-mingw32/bin/../lib/gcc/nios2-elf/5.3.0/../../../../../H-x86_64-mingw32/nios2-elf/lib\libsmallc.a(lib_a-puts.o)
 .comment       0x0000000000000023       0x24 d:/intelfpga/18.0/nios2eds/bin/gnu/h-x86_64-mingw32/bin/../lib/gcc/nios2-elf/5.3.0/../../../../../H-x86_64-mingw32/nios2-elf/lib\libsmallc.a(lib_a-strlen.o)
 .comment       0x0000000000000023       0x24 d:/intelfpga/18.0/nios2eds/bin/gnu/h-x86_64-mingw32/bin/../lib/gcc/nios2-elf/5.3.0/../../../../../H-x86_64-mingw32/nios2-elf/lib\libsmallc.a(lib_a-fvwrite_small_dev.o)
 .comment       0x0000000000000023       0x24 d:/intelfpga/18.0/nios2eds/bin/gnu/h-x86_64-mingw32/bin/../lib/gcc/nios2-elf/5.3.0/../../../../../H-x86_64-mingw32/nios2-elf/lib\libsmallc.a(lib_a-impure.o)
 .comment       0x0000000000000023       0x24 d:/intelfpga/18.0/nios2eds/bin/gnu/h-x86_64-mingw32/bin/../lib/gcc/nios2-elf/5.3.0/../../../../../H-x86_64-mingw32/nios2-elf/lib\libsmallc.a(lib_a-writer.o)
 .comment       0x0000000000000023       0x24 d:/intelfpga/18.0/nios2eds/bin/gnu/h-x86_64-mingw32/bin/../lib/gcc/nios2-elf/5.3.0/../../../../../H-x86_64-mingw32/nios2-elf/lib\libsmallc.a(lib_a-int_errno.o)
 .comment       0x0000000000000023       0x24 ../LED_bsp/\libhal_bsp.a(alt_iic.o)
 .comment       0x0000000000000023       0x24 ../LED_bsp/\libhal_bsp.a(alt_iic_isr_register.o)
 .comment       0x0000000000000023       0x24 ../LED_bsp/\libhal_bsp.a(alt_irq_handler.o)
 .comment       0x0000000000000023       0x24 ../LED_bsp/\libhal_bsp.a(alt_irq_vars.o)
 .comment       0x0000000000000023       0x24 ../LED_bsp/\libhal_bsp.a(alt_load.o)
 .comment       0x0000000000000023       0x24 ../LED_bsp/\libhal_bsp.a(alt_main.o)
 .comment       0x0000000000000023       0x24 ../LED_bsp/\libhal_bsp.a(alt_usleep.o)
 .comment       0x0000000000000023       0x24 ../LED_bsp/\libhal_bsp.a(alt_write.o)
 .comment       0x0000000000000023       0x24 ../LED_bsp/\libhal_bsp.a(alt_sys_init.o)
 .comment       0x0000000000000023       0x24 ../LED_bsp/\libhal_bsp.a(altera_avalon_jtag_uart_fd.o)
 .comment       0x0000000000000023       0x24 ../LED_bsp/\libhal_bsp.a(altera_avalon_jtag_uart_read.o)
 .comment       0x0000000000000023       0x24 ../LED_bsp/\libhal_bsp.a(altera_avalon_jtag_uart_write.o)
 .comment       0x0000000000000023       0x24 ../LED_bsp/\libhal_bsp.a(alt_busy_sleep.o)
 .comment       0x0000000000000023       0x24 ../LED_bsp/\libhal_bsp.a(alt_close.o)
 .comment       0x0000000000000023       0x24 ../LED_bsp/\libhal_bsp.a(alt_dcache_flush_all.o)
 .comment       0x0000000000000023       0x24 ../LED_bsp/\libhal_bsp.a(alt_dev.o)
 .comment       0x0000000000000023       0x24 ../LED_bsp/\libhal_bsp.a(alt_dev_llist_insert.o)
 .comment       0x0000000000000023       0x24 ../LED_bsp/\libhal_bsp.a(alt_errno.o)
 .comment       0x0000000000000023       0x24 ../LED_bsp/\libhal_bsp.a(alt_exit.o)
 .comment       0x0000000000000023       0x24 ../LED_bsp/\libhal_bsp.a(alt_icache_flush_all.o)
 .comment       0x0000000000000023       0x24 ../LED_bsp/\libhal_bsp.a(alt_instruction_exception_entry.o)
 .comment       0x0000000000000023       0x24 ../LED_bsp/\libhal_bsp.a(alt_io_redirect.o)
 .comment       0x0000000000000023       0x24 ../LED_bsp/\libhal_bsp.a(alt_open.o)
 .comment       0x0000000000000023       0x24 ../LED_bsp/\libhal_bsp.a(alt_release_fd.o)
 .comment       0x0000000000000023       0x24 ../LED_bsp/\libhal_bsp.a(altera_nios2_gen2_irq.o)
 .comment       0x0000000000000023       0x24 ../LED_bsp/\libhal_bsp.a(alt_find_dev.o)
 .comment       0x0000000000000023       0x24 ../LED_bsp/\libhal_bsp.a(alt_find_file.o)
 .comment       0x0000000000000023       0x24 ../LED_bsp/\libhal_bsp.a(alt_get_fd.o)
 .comment       0x0000000000000023       0x24 ../LED_bsp/\libhal_bsp.a(alt_icache_flush.o)
 .comment       0x0000000000000023       0x24 d:/intelfpga/18.0/nios2eds/bin/gnu/h-x86_64-mingw32/bin/../lib/gcc/nios2-elf/5.3.0/../../../../../H-x86_64-mingw32/nios2-elf/lib\libsmallc.a(lib_a-memcmp.o)
 .comment       0x0000000000000023       0x24 d:/intelfpga/18.0/nios2eds/bin/gnu/h-x86_64-mingw32/bin/../lib/gcc/nios2-elf/5.3.0\libgcc.a(lib2-divmod.o)

.debug
 *(.debug)

.line
 *(.line)

.debug_srcinfo
 *(.debug_srcinfo)

.debug_sfnames
 *(.debug_sfnames)

.debug_aranges  0x0000000000000000      0x540
 *(.debug_aranges)
 .debug_aranges
                0x0000000000000000       0x28 ../LED_bsp//obj/HAL/src/crt0.o
 .debug_aranges
                0x0000000000000028       0x20 obj/default/hello_world.o
 .debug_aranges
                0x0000000000000048       0x28 d:/intelfpga/18.0/nios2eds/bin/gnu/h-x86_64-mingw32/bin/../lib/gcc/nios2-elf/5.3.0/../../../../../H-x86_64-mingw32/nios2-elf/lib\libsmallc.a(lib_a-puts.o)
 .debug_aranges
                0x0000000000000070       0x20 d:/intelfpga/18.0/nios2eds/bin/gnu/h-x86_64-mingw32/bin/../lib/gcc/nios2-elf/5.3.0/../../../../../H-x86_64-mingw32/nios2-elf/lib\libsmallc.a(lib_a-strlen.o)
 .debug_aranges
                0x0000000000000090       0x20 d:/intelfpga/18.0/nios2eds/bin/gnu/h-x86_64-mingw32/bin/../lib/gcc/nios2-elf/5.3.0/../../../../../H-x86_64-mingw32/nios2-elf/lib\libsmallc.a(lib_a-fvwrite_small_dev.o)
 .debug_aranges
                0x00000000000000b0       0x18 d:/intelfpga/18.0/nios2eds/bin/gnu/h-x86_64-mingw32/bin/../lib/gcc/nios2-elf/5.3.0/../../../../../H-x86_64-mingw32/nios2-elf/lib\libsmallc.a(lib_a-impure.o)
 .debug_aranges
                0x00000000000000c8       0x20 d:/intelfpga/18.0/nios2eds/bin/gnu/h-x86_64-mingw32/bin/../lib/gcc/nios2-elf/5.3.0/../../../../../H-x86_64-mingw32/nios2-elf/lib\libsmallc.a(lib_a-writer.o)
 .debug_aranges
                0x00000000000000e8       0x18 d:/intelfpga/18.0/nios2eds/bin/gnu/h-x86_64-mingw32/bin/../lib/gcc/nios2-elf/5.3.0/../../../../../H-x86_64-mingw32/nios2-elf/lib\libsmallc.a(lib_a-int_errno.o)
 .debug_aranges
                0x0000000000000100       0x20 ../LED_bsp/\libhal_bsp.a(alt_iic.o)
 .debug_aranges
                0x0000000000000120       0x20 ../LED_bsp/\libhal_bsp.a(alt_iic_isr_register.o)
 .debug_aranges
                0x0000000000000140       0x30 ../LED_bsp/\libhal_bsp.a(alt_irq_entry.o)
 .debug_aranges
                0x0000000000000170       0x20 ../LED_bsp/\libhal_bsp.a(alt_irq_handler.o)
 .debug_aranges
                0x0000000000000190       0x18 ../LED_bsp/\libhal_bsp.a(alt_irq_vars.o)
 .debug_aranges
                0x00000000000001a8       0x20 ../LED_bsp/\libhal_bsp.a(alt_load.o)
 .debug_aranges
                0x00000000000001c8       0x20 ../LED_bsp/\libhal_bsp.a(alt_main.o)
 .debug_aranges
                0x00000000000001e8       0x20 ../LED_bsp/\libhal_bsp.a(alt_usleep.o)
 .debug_aranges
                0x0000000000000208       0x20 ../LED_bsp/\libhal_bsp.a(alt_write.o)
 .debug_aranges
                0x0000000000000228       0x20 ../LED_bsp/\libhal_bsp.a(alt_sys_init.o)
 .debug_aranges
                0x0000000000000248       0x20 ../LED_bsp/\libhal_bsp.a(altera_avalon_jtag_uart_fd.o)
 .debug_aranges
                0x0000000000000268       0x20 ../LED_bsp/\libhal_bsp.a(altera_avalon_jtag_uart_read.o)
 .debug_aranges
                0x0000000000000288       0x20 ../LED_bsp/\libhal_bsp.a(altera_avalon_jtag_uart_write.o)
 .debug_aranges
                0x00000000000002a8       0x20 ../LED_bsp/\libhal_bsp.a(alt_busy_sleep.o)
 .debug_aranges
                0x00000000000002c8       0x20 ../LED_bsp/\libhal_bsp.a(alt_close.o)
 .debug_aranges
                0x00000000000002e8       0x20 ../LED_bsp/\libhal_bsp.a(alt_dcache_flush_all.o)
 .debug_aranges
                0x0000000000000308       0x20 ../LED_bsp/\libhal_bsp.a(alt_dev.o)
 .debug_aranges
                0x0000000000000328       0x20 ../LED_bsp/\libhal_bsp.a(alt_dev_llist_insert.o)
 .debug_aranges
                0x0000000000000348       0x18 ../LED_bsp/\libhal_bsp.a(alt_errno.o)
 .debug_aranges
                0x0000000000000360       0x38 ../LED_bsp/\libhal_bsp.a(alt_exception_entry.o)
 .debug_aranges
                0x0000000000000398       0x20 ../LED_bsp/\libhal_bsp.a(alt_exit.o)
 .debug_aranges
                0x00000000000003b8       0x20 ../LED_bsp/\libhal_bsp.a(alt_icache_flush_all.o)
 .debug_aranges
                0x00000000000003d8       0x28 ../LED_bsp/\libhal_bsp.a(alt_instruction_exception_entry.o)
 .debug_aranges
                0x0000000000000400       0x20 ../LED_bsp/\libhal_bsp.a(alt_io_redirect.o)
 .debug_aranges
                0x0000000000000420       0x20 ../LED_bsp/\libhal_bsp.a(alt_open.o)
 .debug_aranges
                0x0000000000000440       0x20 ../LED_bsp/\libhal_bsp.a(alt_release_fd.o)
 .debug_aranges
                0x0000000000000460       0x20 ../LED_bsp/\libhal_bsp.a(altera_nios2_gen2_irq.o)
 .debug_aranges
                0x0000000000000480       0x20 ../LED_bsp/\libhal_bsp.a(alt_find_dev.o)
 .debug_aranges
                0x00000000000004a0       0x20 ../LED_bsp/\libhal_bsp.a(alt_find_file.o)
 .debug_aranges
                0x00000000000004c0       0x20 ../LED_bsp/\libhal_bsp.a(alt_get_fd.o)
 .debug_aranges
                0x00000000000004e0       0x20 ../LED_bsp/\libhal_bsp.a(alt_icache_flush.o)
 .debug_aranges
                0x0000000000000500       0x20 d:/intelfpga/18.0/nios2eds/bin/gnu/h-x86_64-mingw32/bin/../lib/gcc/nios2-elf/5.3.0/../../../../../H-x86_64-mingw32/nios2-elf/lib\libsmallc.a(lib_a-memcmp.o)
 .debug_aranges
                0x0000000000000520       0x20 d:/intelfpga/18.0/nios2eds/bin/gnu/h-x86_64-mingw32/bin/../lib/gcc/nios2-elf/5.3.0\libgcc.a(lib2-divmod.o)

.debug_pubnames
 *(.debug_pubnames)

.debug_info     0x0000000000000000     0x5e23
 *(.debug_info .gnu.linkonce.wi.*)
 .debug_info    0x0000000000000000       0x63 ../LED_bsp//obj/HAL/src/crt0.o
 .debug_info    0x0000000000000063      0x122 obj/default/hello_world.o
 .debug_info    0x0000000000000185      0x66d d:/intelfpga/18.0/nios2eds/bin/gnu/h-x86_64-mingw32/bin/../lib/gcc/nios2-elf/5.3.0/../../../../../H-x86_64-mingw32/nios2-elf/lib\libsmallc.a(lib_a-puts.o)
 .debug_info    0x00000000000007f2       0xc9 d:/intelfpga/18.0/nios2eds/bin/gnu/h-x86_64-mingw32/bin/../lib/gcc/nios2-elf/5.3.0/../../../../../H-x86_64-mingw32/nios2-elf/lib\libsmallc.a(lib_a-strlen.o)
 .debug_info    0x00000000000008bb      0x62b d:/intelfpga/18.0/nios2eds/bin/gnu/h-x86_64-mingw32/bin/../lib/gcc/nios2-elf/5.3.0/../../../../../H-x86_64-mingw32/nios2-elf/lib\libsmallc.a(lib_a-fvwrite_small_dev.o)
 .debug_info    0x0000000000000ee6      0x5a9 d:/intelfpga/18.0/nios2eds/bin/gnu/h-x86_64-mingw32/bin/../lib/gcc/nios2-elf/5.3.0/../../../../../H-x86_64-mingw32/nios2-elf/lib\libsmallc.a(lib_a-impure.o)
 .debug_info    0x000000000000148f      0x630 d:/intelfpga/18.0/nios2eds/bin/gnu/h-x86_64-mingw32/bin/../lib/gcc/nios2-elf/5.3.0/../../../../../H-x86_64-mingw32/nios2-elf/lib\libsmallc.a(lib_a-writer.o)
 .debug_info    0x0000000000001abf       0x8a d:/intelfpga/18.0/nios2eds/bin/gnu/h-x86_64-mingw32/bin/../lib/gcc/nios2-elf/5.3.0/../../../../../H-x86_64-mingw32/nios2-elf/lib\libsmallc.a(lib_a-int_errno.o)
 .debug_info    0x0000000000001b49      0x350 ../LED_bsp/\libhal_bsp.a(alt_iic.o)
 .debug_info    0x0000000000001e99      0x1ef ../LED_bsp/\libhal_bsp.a(alt_iic_isr_register.o)
 .debug_info    0x0000000000002088       0x6c ../LED_bsp/\libhal_bsp.a(alt_irq_entry.o)
 .debug_info    0x00000000000020f4      0x187 ../LED_bsp/\libhal_bsp.a(alt_irq_handler.o)
 .debug_info    0x000000000000227b       0x88 ../LED_bsp/\libhal_bsp.a(alt_irq_vars.o)
 .debug_info    0x0000000000002303      0x145 ../LED_bsp/\libhal_bsp.a(alt_load.o)
 .debug_info    0x0000000000002448      0x131 ../LED_bsp/\libhal_bsp.a(alt_main.o)
 .debug_info    0x0000000000002579       0xb0 ../LED_bsp/\libhal_bsp.a(alt_usleep.o)
 .debug_info    0x0000000000002629      0x4b7 ../LED_bsp/\libhal_bsp.a(alt_write.o)
 .debug_info    0x0000000000002ae0      0x3df ../LED_bsp/\libhal_bsp.a(alt_sys_init.o)
 .debug_info    0x0000000000002ebf      0x3a7 ../LED_bsp/\libhal_bsp.a(altera_avalon_jtag_uart_fd.o)
 .debug_info    0x0000000000003266      0x1b2 ../LED_bsp/\libhal_bsp.a(altera_avalon_jtag_uart_read.o)
 .debug_info    0x0000000000003418      0x195 ../LED_bsp/\libhal_bsp.a(altera_avalon_jtag_uart_write.o)
 .debug_info    0x00000000000035ad       0xd7 ../LED_bsp/\libhal_bsp.a(alt_busy_sleep.o)
 .debug_info    0x0000000000003684      0x321 ../LED_bsp/\libhal_bsp.a(alt_close.o)
 .debug_info    0x00000000000039a5       0xa5 ../LED_bsp/\libhal_bsp.a(alt_dcache_flush_all.o)
 .debug_info    0x0000000000003a4a      0x49c ../LED_bsp/\libhal_bsp.a(alt_dev.o)
 .debug_info    0x0000000000003ee6      0x1a9 ../LED_bsp/\libhal_bsp.a(alt_dev_llist_insert.o)
 .debug_info    0x000000000000408f       0xa6 ../LED_bsp/\libhal_bsp.a(alt_errno.o)
 .debug_info    0x0000000000004135       0x72 ../LED_bsp/\libhal_bsp.a(alt_exception_entry.o)
 .debug_info    0x00000000000041a7       0xec ../LED_bsp/\libhal_bsp.a(alt_exit.o)
 .debug_info    0x0000000000004293       0x92 ../LED_bsp/\libhal_bsp.a(alt_icache_flush_all.o)
 .debug_info    0x0000000000004325      0x1e7 ../LED_bsp/\libhal_bsp.a(alt_instruction_exception_entry.o)
 .debug_info    0x000000000000450c      0x4a5 ../LED_bsp/\libhal_bsp.a(alt_io_redirect.o)
 .debug_info    0x00000000000049b1      0x3bb ../LED_bsp/\libhal_bsp.a(alt_open.o)
 .debug_info    0x0000000000004d6c      0x2b0 ../LED_bsp/\libhal_bsp.a(alt_release_fd.o)
 .debug_info    0x000000000000501c       0x92 ../LED_bsp/\libhal_bsp.a(altera_nios2_gen2_irq.o)
 .debug_info    0x00000000000050ae      0x2e9 ../LED_bsp/\libhal_bsp.a(alt_find_dev.o)
 .debug_info    0x0000000000005397      0x2e6 ../LED_bsp/\libhal_bsp.a(alt_find_file.o)
 .debug_info    0x000000000000567d      0x310 ../LED_bsp/\libhal_bsp.a(alt_get_fd.o)
 .debug_info    0x000000000000598d       0xdc ../LED_bsp/\libhal_bsp.a(alt_icache_flush.o)
 .debug_info    0x0000000000005a69       0xf4 d:/intelfpga/18.0/nios2eds/bin/gnu/h-x86_64-mingw32/bin/../lib/gcc/nios2-elf/5.3.0/../../../../../H-x86_64-mingw32/nios2-elf/lib\libsmallc.a(lib_a-memcmp.o)
 .debug_info    0x0000000000005b5d      0x2c6 d:/intelfpga/18.0/nios2eds/bin/gnu/h-x86_64-mingw32/bin/../lib/gcc/nios2-elf/5.3.0\libgcc.a(lib2-divmod.o)

.debug_abbrev   0x0000000000000000     0x21c7
 *(.debug_abbrev)
 .debug_abbrev  0x0000000000000000       0x12 ../LED_bsp//obj/HAL/src/crt0.o
 .debug_abbrev  0x0000000000000012       0xc0 obj/default/hello_world.o
 .debug_abbrev  0x00000000000000d2      0x1d6 d:/intelfpga/18.0/nios2eds/bin/gnu/h-x86_64-mingw32/bin/../lib/gcc/nios2-elf/5.3.0/../../../../../H-x86_64-mingw32/nios2-elf/lib\libsmallc.a(lib_a-puts.o)
 .debug_abbrev  0x00000000000002a8       0x7f d:/intelfpga/18.0/nios2eds/bin/gnu/h-x86_64-mingw32/bin/../lib/gcc/nios2-elf/5.3.0/../../../../../H-x86_64-mingw32/nios2-elf/lib\libsmallc.a(lib_a-strlen.o)
 .debug_abbrev  0x0000000000000327      0x1bc d:/intelfpga/18.0/nios2eds/bin/gnu/h-x86_64-mingw32/bin/../lib/gcc/nios2-elf/5.3.0/../../../../../H-x86_64-mingw32/nios2-elf/lib\libsmallc.a(lib_a-fvwrite_small_dev.o)
 .debug_abbrev  0x00000000000004e3      0x14a d:/intelfpga/18.0/nios2eds/bin/gnu/h-x86_64-mingw32/bin/../lib/gcc/nios2-elf/5.3.0/../../../../../H-x86_64-mingw32/nios2-elf/lib\libsmallc.a(lib_a-impure.o)
 .debug_abbrev  0x000000000000062d      0x1a6 d:/intelfpga/18.0/nios2eds/bin/gnu/h-x86_64-mingw32/bin/../lib/gcc/nios2-elf/5.3.0/../../../../../H-x86_64-mingw32/nios2-elf/lib\libsmallc.a(lib_a-writer.o)
 .debug_abbrev  0x00000000000007d3       0x37 d:/intelfpga/18.0/nios2eds/bin/gnu/h-x86_64-mingw32/bin/../lib/gcc/nios2-elf/5.3.0/../../../../../H-x86_64-mingw32/nios2-elf/lib\libsmallc.a(lib_a-int_errno.o)
 .debug_abbrev  0x000000000000080a      0x163 ../LED_bsp/\libhal_bsp.a(alt_iic.o)
 .debug_abbrev  0x000000000000096d      0x169 ../LED_bsp/\libhal_bsp.a(alt_iic_isr_register.o)
 .debug_abbrev  0x0000000000000ad6       0x12 ../LED_bsp/\libhal_bsp.a(alt_irq_entry.o)
 .debug_abbrev  0x0000000000000ae8      0x122 ../LED_bsp/\libhal_bsp.a(alt_irq_handler.o)
 .debug_abbrev  0x0000000000000c0a       0x40 ../LED_bsp/\libhal_bsp.a(alt_irq_vars.o)
 .debug_abbrev  0x0000000000000c4a       0x9f ../LED_bsp/\libhal_bsp.a(alt_load.o)
 .debug_abbrev  0x0000000000000ce9       0xba ../LED_bsp/\libhal_bsp.a(alt_main.o)
 .debug_abbrev  0x0000000000000da3       0x60 ../LED_bsp/\libhal_bsp.a(alt_usleep.o)
 .debug_abbrev  0x0000000000000e03      0x133 ../LED_bsp/\libhal_bsp.a(alt_write.o)
 .debug_abbrev  0x0000000000000f36      0x157 ../LED_bsp/\libhal_bsp.a(alt_sys_init.o)
 .debug_abbrev  0x000000000000108d       0xf7 ../LED_bsp/\libhal_bsp.a(altera_avalon_jtag_uart_fd.o)
 .debug_abbrev  0x0000000000001184       0xd5 ../LED_bsp/\libhal_bsp.a(altera_avalon_jtag_uart_read.o)
 .debug_abbrev  0x0000000000001259       0xd5 ../LED_bsp/\libhal_bsp.a(altera_avalon_jtag_uart_write.o)
 .debug_abbrev  0x000000000000132e       0x7e ../LED_bsp/\libhal_bsp.a(alt_busy_sleep.o)
 .debug_abbrev  0x00000000000013ac      0x11f ../LED_bsp/\libhal_bsp.a(alt_close.o)
 .debug_abbrev  0x00000000000014cb       0x5a ../LED_bsp/\libhal_bsp.a(alt_dcache_flush_all.o)
 .debug_abbrev  0x0000000000001525       0xd9 ../LED_bsp/\libhal_bsp.a(alt_dev.o)
 .debug_abbrev  0x00000000000015fe      0x114 ../LED_bsp/\libhal_bsp.a(alt_dev_llist_insert.o)
 .debug_abbrev  0x0000000000001712       0x5a ../LED_bsp/\libhal_bsp.a(alt_errno.o)
 .debug_abbrev  0x000000000000176c       0x12 ../LED_bsp/\libhal_bsp.a(alt_exception_entry.o)
 .debug_abbrev  0x000000000000177e       0xa9 ../LED_bsp/\libhal_bsp.a(alt_exit.o)
 .debug_abbrev  0x0000000000001827       0x42 ../LED_bsp/\libhal_bsp.a(alt_icache_flush_all.o)
 .debug_abbrev  0x0000000000001869       0xdc ../LED_bsp/\libhal_bsp.a(alt_instruction_exception_entry.o)
 .debug_abbrev  0x0000000000001945      0x114 ../LED_bsp/\libhal_bsp.a(alt_io_redirect.o)
 .debug_abbrev  0x0000000000001a59      0x148 ../LED_bsp/\libhal_bsp.a(alt_open.o)
 .debug_abbrev  0x0000000000001ba1       0xde ../LED_bsp/\libhal_bsp.a(alt_release_fd.o)
 .debug_abbrev  0x0000000000001c7f       0x42 ../LED_bsp/\libhal_bsp.a(altera_nios2_gen2_irq.o)
 .debug_abbrev  0x0000000000001cc1       0xf0 ../LED_bsp/\libhal_bsp.a(alt_find_dev.o)
 .debug_abbrev  0x0000000000001db1       0xf0 ../LED_bsp/\libhal_bsp.a(alt_find_file.o)
 .debug_abbrev  0x0000000000001ea1      0x10d ../LED_bsp/\libhal_bsp.a(alt_get_fd.o)
 .debug_abbrev  0x0000000000001fae       0x8c ../LED_bsp/\libhal_bsp.a(alt_icache_flush.o)
 .debug_abbrev  0x000000000000203a       0x7f d:/intelfpga/18.0/nios2eds/bin/gnu/h-x86_64-mingw32/bin/../lib/gcc/nios2-elf/5.3.0/../../../../../H-x86_64-mingw32/nios2-elf/lib\libsmallc.a(lib_a-memcmp.o)
 .debug_abbrev  0x00000000000020b9      0x10e d:/intelfpga/18.0/nios2eds/bin/gnu/h-x86_64-mingw32/bin/../lib/gcc/nios2-elf/5.3.0\libgcc.a(lib2-divmod.o)

.debug_line     0x0000000000000000     0x248a
 *(.debug_line)
 .debug_line    0x0000000000000000       0x72 ../LED_bsp//obj/HAL/src/crt0.o
 .debug_line    0x0000000000000072       0xf2 obj/default/hello_world.o
 .debug_line    0x0000000000000164      0x203 d:/intelfpga/18.0/nios2eds/bin/gnu/h-x86_64-mingw32/bin/../lib/gcc/nios2-elf/5.3.0/../../../../../H-x86_64-mingw32/nios2-elf/lib\libsmallc.a(lib_a-puts.o)
 .debug_line    0x0000000000000367      0x159 d:/intelfpga/18.0/nios2eds/bin/gnu/h-x86_64-mingw32/bin/../lib/gcc/nios2-elf/5.3.0/../../../../../H-x86_64-mingw32/nios2-elf/lib\libsmallc.a(lib_a-strlen.o)
 .debug_line    0x00000000000004c0      0x1ed d:/intelfpga/18.0/nios2eds/bin/gnu/h-x86_64-mingw32/bin/../lib/gcc/nios2-elf/5.3.0/../../../../../H-x86_64-mingw32/nios2-elf/lib\libsmallc.a(lib_a-fvwrite_small_dev.o)
 .debug_line    0x00000000000006ad      0x153 d:/intelfpga/18.0/nios2eds/bin/gnu/h-x86_64-mingw32/bin/../lib/gcc/nios2-elf/5.3.0/../../../../../H-x86_64-mingw32/nios2-elf/lib\libsmallc.a(lib_a-impure.o)
 .debug_line    0x0000000000000800      0x1ea d:/intelfpga/18.0/nios2eds/bin/gnu/h-x86_64-mingw32/bin/../lib/gcc/nios2-elf/5.3.0/../../../../../H-x86_64-mingw32/nios2-elf/lib\libsmallc.a(lib_a-writer.o)
 .debug_line    0x00000000000009ea       0x5c d:/intelfpga/18.0/nios2eds/bin/gnu/h-x86_64-mingw32/bin/../lib/gcc/nios2-elf/5.3.0/../../../../../H-x86_64-mingw32/nios2-elf/lib\libsmallc.a(lib_a-int_errno.o)
 .debug_line    0x0000000000000a46       0xeb ../LED_bsp/\libhal_bsp.a(alt_iic.o)
 .debug_line    0x0000000000000b31       0xdb ../LED_bsp/\libhal_bsp.a(alt_iic_isr_register.o)
 .debug_line    0x0000000000000c0c       0x6b ../LED_bsp/\libhal_bsp.a(alt_irq_entry.o)
 .debug_line    0x0000000000000c77       0xaa ../LED_bsp/\libhal_bsp.a(alt_irq_handler.o)
 .debug_line    0x0000000000000d21       0x50 ../LED_bsp/\libhal_bsp.a(alt_irq_vars.o)
 .debug_line    0x0000000000000d71       0x8e ../LED_bsp/\libhal_bsp.a(alt_load.o)
 .debug_line    0x0000000000000dff       0x9e ../LED_bsp/\libhal_bsp.a(alt_main.o)
 .debug_line    0x0000000000000e9d       0xa8 ../LED_bsp/\libhal_bsp.a(alt_usleep.o)
 .debug_line    0x0000000000000f45      0x1d1 ../LED_bsp/\libhal_bsp.a(alt_write.o)
 .debug_line    0x0000000000001116      0x140 ../LED_bsp/\libhal_bsp.a(alt_sys_init.o)
 .debug_line    0x0000000000001256      0x112 ../LED_bsp/\libhal_bsp.a(altera_avalon_jtag_uart_fd.o)
 .debug_line    0x0000000000001368       0xfd ../LED_bsp/\libhal_bsp.a(altera_avalon_jtag_uart_read.o)
 .debug_line    0x0000000000001465       0xf4 ../LED_bsp/\libhal_bsp.a(altera_avalon_jtag_uart_write.o)
 .debug_line    0x0000000000001559       0xa0 ../LED_bsp/\libhal_bsp.a(alt_busy_sleep.o)
 .debug_line    0x00000000000015f9      0x160 ../LED_bsp/\libhal_bsp.a(alt_close.o)
 .debug_line    0x0000000000001759       0x61 ../LED_bsp/\libhal_bsp.a(alt_dcache_flush_all.o)
 .debug_line    0x00000000000017ba       0xf3 ../LED_bsp/\libhal_bsp.a(alt_dev.o)
 .debug_line    0x00000000000018ad       0xcf ../LED_bsp/\libhal_bsp.a(alt_dev_llist_insert.o)
 .debug_line    0x000000000000197c       0x51 ../LED_bsp/\libhal_bsp.a(alt_errno.o)
 .debug_line    0x00000000000019cd       0xb3 ../LED_bsp/\libhal_bsp.a(alt_exception_entry.o)
 .debug_line    0x0000000000001a80       0x71 ../LED_bsp/\libhal_bsp.a(alt_exit.o)
 .debug_line    0x0000000000001af1       0x50 ../LED_bsp/\libhal_bsp.a(alt_icache_flush_all.o)
 .debug_line    0x0000000000001b41       0xba ../LED_bsp/\libhal_bsp.a(alt_instruction_exception_entry.o)
 .debug_line    0x0000000000001bfb      0x12e ../LED_bsp/\libhal_bsp.a(alt_io_redirect.o)
 .debug_line    0x0000000000001d29      0x128 ../LED_bsp/\libhal_bsp.a(alt_open.o)
 .debug_line    0x0000000000001e51       0xae ../LED_bsp/\libhal_bsp.a(alt_release_fd.o)
 .debug_line    0x0000000000001eff       0x51 ../LED_bsp/\libhal_bsp.a(altera_nios2_gen2_irq.o)
 .debug_line    0x0000000000001f50       0xb5 ../LED_bsp/\libhal_bsp.a(alt_find_dev.o)
 .debug_line    0x0000000000002005       0xd1 ../LED_bsp/\libhal_bsp.a(alt_find_file.o)
 .debug_line    0x00000000000020d6       0xd4 ../LED_bsp/\libhal_bsp.a(alt_get_fd.o)
 .debug_line    0x00000000000021aa       0x81 ../LED_bsp/\libhal_bsp.a(alt_icache_flush.o)
 .debug_line    0x000000000000222b      0x15d d:/intelfpga/18.0/nios2eds/bin/gnu/h-x86_64-mingw32/bin/../lib/gcc/nios2-elf/5.3.0/../../../../../H-x86_64-mingw32/nios2-elf/lib\libsmallc.a(lib_a-memcmp.o)
 .debug_line    0x0000000000002388      0x102 d:/intelfpga/18.0/nios2eds/bin/gnu/h-x86_64-mingw32/bin/../lib/gcc/nios2-elf/5.3.0\libgcc.a(lib2-divmod.o)

.debug_frame    0x0000000000000000      0x9ac
 *(.debug_frame)
 .debug_frame   0x0000000000000000       0x7c obj/default/hello_world.o
 .debug_frame   0x000000000000007c       0x48 d:/intelfpga/18.0/nios2eds/bin/gnu/h-x86_64-mingw32/bin/../lib/gcc/nios2-elf/5.3.0/../../../../../H-x86_64-mingw32/nios2-elf/lib\libsmallc.a(lib_a-puts.o)
 .debug_frame   0x00000000000000c4       0x20 d:/intelfpga/18.0/nios2eds/bin/gnu/h-x86_64-mingw32/bin/../lib/gcc/nios2-elf/5.3.0/../../../../../H-x86_64-mingw32/nios2-elf/lib\libsmallc.a(lib_a-strlen.o)
 .debug_frame   0x00000000000000e4       0x58 d:/intelfpga/18.0/nios2eds/bin/gnu/h-x86_64-mingw32/bin/../lib/gcc/nios2-elf/5.3.0/../../../../../H-x86_64-mingw32/nios2-elf/lib\libsmallc.a(lib_a-fvwrite_small_dev.o)
 .debug_frame   0x000000000000013c       0x38 d:/intelfpga/18.0/nios2eds/bin/gnu/h-x86_64-mingw32/bin/../lib/gcc/nios2-elf/5.3.0/../../../../../H-x86_64-mingw32/nios2-elf/lib\libsmallc.a(lib_a-writer.o)
 .debug_frame   0x0000000000000174       0xa4 ../LED_bsp/\libhal_bsp.a(alt_iic.o)
 .debug_frame   0x0000000000000218       0x38 ../LED_bsp/\libhal_bsp.a(alt_iic_isr_register.o)
 .debug_frame   0x0000000000000250       0x38 ../LED_bsp/\libhal_bsp.a(alt_irq_handler.o)
 .debug_frame   0x0000000000000288       0x5c ../LED_bsp/\libhal_bsp.a(alt_load.o)
 .debug_frame   0x00000000000002e4       0x2c ../LED_bsp/\libhal_bsp.a(alt_main.o)
 .debug_frame   0x0000000000000310       0x38 ../LED_bsp/\libhal_bsp.a(alt_usleep.o)
 .debug_frame   0x0000000000000348       0x60 ../LED_bsp/\libhal_bsp.a(alt_write.o)
 .debug_frame   0x00000000000003a8       0x88 ../LED_bsp/\libhal_bsp.a(alt_sys_init.o)
 .debug_frame   0x0000000000000430       0x60 ../LED_bsp/\libhal_bsp.a(altera_avalon_jtag_uart_fd.o)
 .debug_frame   0x0000000000000490       0x34 ../LED_bsp/\libhal_bsp.a(altera_avalon_jtag_uart_read.o)
 .debug_frame   0x00000000000004c4       0x34 ../LED_bsp/\libhal_bsp.a(altera_avalon_jtag_uart_write.o)
 .debug_frame   0x00000000000004f8       0x38 ../LED_bsp/\libhal_bsp.a(alt_busy_sleep.o)
 .debug_frame   0x0000000000000530       0x60 ../LED_bsp/\libhal_bsp.a(alt_close.o)
 .debug_frame   0x0000000000000590       0x34 ../LED_bsp/\libhal_bsp.a(alt_dcache_flush_all.o)
 .debug_frame   0x00000000000005c4       0x34 ../LED_bsp/\libhal_bsp.a(alt_dev.o)
 .debug_frame   0x00000000000005f8       0x60 ../LED_bsp/\libhal_bsp.a(alt_dev_llist_insert.o)
 .debug_frame   0x0000000000000658       0x2c ../LED_bsp/\libhal_bsp.a(alt_exit.o)
 .debug_frame   0x0000000000000684       0x38 ../LED_bsp/\libhal_bsp.a(alt_icache_flush_all.o)
 .debug_frame   0x00000000000006bc       0x5c ../LED_bsp/\libhal_bsp.a(alt_instruction_exception_entry.o)
 .debug_frame   0x0000000000000718       0x60 ../LED_bsp/\libhal_bsp.a(alt_io_redirect.o)
 .debug_frame   0x0000000000000778       0x84 ../LED_bsp/\libhal_bsp.a(alt_open.o)
 .debug_frame   0x00000000000007fc       0x34 ../LED_bsp/\libhal_bsp.a(alt_release_fd.o)
 .debug_frame   0x0000000000000830       0x34 ../LED_bsp/\libhal_bsp.a(altera_nios2_gen2_irq.o)
 .debug_frame   0x0000000000000864       0x38 ../LED_bsp/\libhal_bsp.a(alt_find_dev.o)
 .debug_frame   0x000000000000089c       0x38 ../LED_bsp/\libhal_bsp.a(alt_find_file.o)
 .debug_frame   0x00000000000008d4       0x34 ../LED_bsp/\libhal_bsp.a(alt_get_fd.o)
 .debug_frame   0x0000000000000908       0x34 ../LED_bsp/\libhal_bsp.a(alt_icache_flush.o)
 .debug_frame   0x000000000000093c       0x20 d:/intelfpga/18.0/nios2eds/bin/gnu/h-x86_64-mingw32/bin/../lib/gcc/nios2-elf/5.3.0/../../../../../H-x86_64-mingw32/nios2-elf/lib\libsmallc.a(lib_a-memcmp.o)
 .debug_frame   0x000000000000095c       0x50 d:/intelfpga/18.0/nios2eds/bin/gnu/h-x86_64-mingw32/bin/../lib/gcc/nios2-elf/5.3.0\libgcc.a(lib2-divmod.o)

.debug_str      0x0000000000000000     0x17c6
 *(.debug_str)
 .debug_str     0x0000000000000000      0x12b obj/default/hello_world.o
                                        0x169 (size before relaxing)
 .debug_str     0x000000000000012b      0x3d9 d:/intelfpga/18.0/nios2eds/bin/gnu/h-x86_64-mingw32/bin/../lib/gcc/nios2-elf/5.3.0/../../../../../H-x86_64-mingw32/nios2-elf/lib\libsmallc.a(lib_a-puts.o)
                                        0x4b3 (size before relaxing)
 .debug_str     0x0000000000000504       0xc4 d:/intelfpga/18.0/nios2eds/bin/gnu/h-x86_64-mingw32/bin/../lib/gcc/nios2-elf/5.3.0/../../../../../H-x86_64-mingw32/nios2-elf/lib\libsmallc.a(lib_a-strlen.o)
                                        0x1cb (size before relaxing)
 .debug_str     0x00000000000005c8       0x60 d:/intelfpga/18.0/nios2eds/bin/gnu/h-x86_64-mingw32/bin/../lib/gcc/nios2-elf/5.3.0/../../../../../H-x86_64-mingw32/nios2-elf/lib\libsmallc.a(lib_a-fvwrite_small_dev.o)
                                        0x4ba (size before relaxing)
 .debug_str     0x0000000000000628       0xe1 d:/intelfpga/18.0/nios2eds/bin/gnu/h-x86_64-mingw32/bin/../lib/gcc/nios2-elf/5.3.0/../../../../../H-x86_64-mingw32/nios2-elf/lib\libsmallc.a(lib_a-impure.o)
                                        0x4a4 (size before relaxing)
 .debug_str     0x0000000000000709       0x42 d:/intelfpga/18.0/nios2eds/bin/gnu/h-x86_64-mingw32/bin/../lib/gcc/nios2-elf/5.3.0/../../../../../H-x86_64-mingw32/nios2-elf/lib\libsmallc.a(lib_a-writer.o)
                                        0x49e (size before relaxing)
 .debug_str     0x000000000000074b       0x3c d:/intelfpga/18.0/nios2eds/bin/gnu/h-x86_64-mingw32/bin/../lib/gcc/nios2-elf/5.3.0/../../../../../H-x86_64-mingw32/nios2-elf/lib\libsmallc.a(lib_a-int_errno.o)
                                        0x1be (size before relaxing)
 .debug_str     0x0000000000000787      0x12a ../LED_bsp/\libhal_bsp.a(alt_iic.o)
                                        0x230 (size before relaxing)
 .debug_str     0x00000000000008b1       0x4c ../LED_bsp/\libhal_bsp.a(alt_iic_isr_register.o)
                                        0x1da (size before relaxing)
 .debug_str     0x00000000000008fd       0x3a ../LED_bsp/\libhal_bsp.a(alt_irq_handler.o)
                                        0x189 (size before relaxing)
 .debug_str     0x0000000000000937       0x17 ../LED_bsp/\libhal_bsp.a(alt_irq_vars.o)
                                        0x12c (size before relaxing)
 .debug_str     0x000000000000094e       0xe9 ../LED_bsp/\libhal_bsp.a(alt_load.o)
                                        0x204 (size before relaxing)
 .debug_str     0x0000000000000a37       0x70 ../LED_bsp/\libhal_bsp.a(alt_main.o)
                                        0x18f (size before relaxing)
 .debug_str     0x0000000000000aa7       0x27 ../LED_bsp/\libhal_bsp.a(alt_usleep.o)
                                        0x13a (size before relaxing)
 .debug_str     0x0000000000000ace      0x15f ../LED_bsp/\libhal_bsp.a(alt_write.o)
                                        0x2ea (size before relaxing)
 .debug_str     0x0000000000000c2d      0x131 ../LED_bsp/\libhal_bsp.a(alt_sys_init.o)
                                        0x2f7 (size before relaxing)
 .debug_str     0x0000000000000d5e       0x77 ../LED_bsp/\libhal_bsp.a(altera_avalon_jtag_uart_fd.o)
                                        0x2c7 (size before relaxing)
 .debug_str     0x0000000000000dd5       0x48 ../LED_bsp/\libhal_bsp.a(altera_avalon_jtag_uart_read.o)
                                        0x211 (size before relaxing)
 .debug_str     0x0000000000000e1d       0x4a ../LED_bsp/\libhal_bsp.a(altera_avalon_jtag_uart_write.o)
                                        0x207 (size before relaxing)
 .debug_str     0x0000000000000e67       0x42 ../LED_bsp/\libhal_bsp.a(alt_busy_sleep.o)
                                        0x15d (size before relaxing)
 .debug_str     0x0000000000000ea9       0x1b ../LED_bsp/\libhal_bsp.a(alt_close.o)
                                        0x1fd (size before relaxing)
 .debug_str     0x0000000000000ec4       0x34 ../LED_bsp/\libhal_bsp.a(alt_dcache_flush_all.o)
                                        0x147 (size before relaxing)
 .debug_str     0x0000000000000ef8       0x50 ../LED_bsp/\libhal_bsp.a(alt_dev.o)
                                        0x2f7 (size before relaxing)
 .debug_str     0x0000000000000f48       0x45 ../LED_bsp/\libhal_bsp.a(alt_dev_llist_insert.o)
                                        0x1be (size before relaxing)
 .debug_str     0x0000000000000f8d       0x14 ../LED_bsp/\libhal_bsp.a(alt_errno.o)
                                        0x137 (size before relaxing)
 .debug_str     0x0000000000000fa1       0x2a ../LED_bsp/\libhal_bsp.a(alt_exit.o)
                                        0x143 (size before relaxing)
 .debug_str     0x0000000000000fcb       0x34 ../LED_bsp/\libhal_bsp.a(alt_icache_flush_all.o)
                                        0x147 (size before relaxing)
 .debug_str     0x0000000000000fff      0x48b ../LED_bsp/\libhal_bsp.a(alt_instruction_exception_entry.o)
                                        0x592 (size before relaxing)
 .debug_str     0x000000000000148a       0x56 ../LED_bsp/\libhal_bsp.a(alt_io_redirect.o)
                                        0x308 (size before relaxing)
 .debug_str     0x00000000000014e0       0x2f ../LED_bsp/\libhal_bsp.a(alt_open.o)
                                        0x23d (size before relaxing)
 .debug_str     0x000000000000150f       0x28 ../LED_bsp/\libhal_bsp.a(alt_release_fd.o)
                                        0x1c5 (size before relaxing)
 .debug_str     0x0000000000001537       0x3b ../LED_bsp/\libhal_bsp.a(altera_nios2_gen2_irq.o)
                                        0x14e (size before relaxing)
 .debug_str     0x0000000000001572       0x24 ../LED_bsp/\libhal_bsp.a(alt_find_dev.o)
                                        0x1de (size before relaxing)
 .debug_str     0x0000000000001596       0x26 ../LED_bsp/\libhal_bsp.a(alt_find_file.o)
                                        0x1ec (size before relaxing)
 .debug_str     0x00000000000015bc       0x30 ../LED_bsp/\libhal_bsp.a(alt_get_fd.o)
                                        0x20e (size before relaxing)
 .debug_str     0x00000000000015ec       0x2c ../LED_bsp/\libhal_bsp.a(alt_icache_flush.o)
                                        0x14d (size before relaxing)
 .debug_str     0x0000000000001618       0x41 d:/intelfpga/18.0/nios2eds/bin/gnu/h-x86_64-mingw32/bin/../lib/gcc/nios2-elf/5.3.0/../../../../../H-x86_64-mingw32/nios2-elf/lib\libsmallc.a(lib_a-memcmp.o)
                                        0x1c5 (size before relaxing)
 .debug_str     0x0000000000001659      0x16d d:/intelfpga/18.0/nios2eds/bin/gnu/h-x86_64-mingw32/bin/../lib/gcc/nios2-elf/5.3.0\libgcc.a(lib2-divmod.o)
                                        0x1b8 (size before relaxing)

.debug_loc      0x0000000000000000      0x7cc
 *(.debug_loc)
 .debug_loc     0x0000000000000000       0x97 d:/intelfpga/18.0/nios2eds/bin/gnu/h-x86_64-mingw32/bin/../lib/gcc/nios2-elf/5.3.0/../../../../../H-x86_64-mingw32/nios2-elf/lib\libsmallc.a(lib_a-puts.o)
 .debug_loc     0x0000000000000097       0x1e d:/intelfpga/18.0/nios2eds/bin/gnu/h-x86_64-mingw32/bin/../lib/gcc/nios2-elf/5.3.0/../../../../../H-x86_64-mingw32/nios2-elf/lib\libsmallc.a(lib_a-strlen.o)
 .debug_loc     0x00000000000000b5      0x110 d:/intelfpga/18.0/nios2eds/bin/gnu/h-x86_64-mingw32/bin/../lib/gcc/nios2-elf/5.3.0/../../../../../H-x86_64-mingw32/nios2-elf/lib\libsmallc.a(lib_a-fvwrite_small_dev.o)
 .debug_loc     0x00000000000001c5       0xa5 d:/intelfpga/18.0/nios2eds/bin/gnu/h-x86_64-mingw32/bin/../lib/gcc/nios2-elf/5.3.0/../../../../../H-x86_64-mingw32/nios2-elf/lib\libsmallc.a(lib_a-writer.o)
 .debug_loc     0x000000000000026a       0x94 d:/intelfpga/18.0/nios2eds/bin/gnu/h-x86_64-mingw32/bin/../lib/gcc/nios2-elf/5.3.0/../../../../../H-x86_64-mingw32/nios2-elf/lib\libsmallc.a(lib_a-memcmp.o)
 .debug_loc     0x00000000000002fe      0x4ce d:/intelfpga/18.0/nios2eds/bin/gnu/h-x86_64-mingw32/bin/../lib/gcc/nios2-elf/5.3.0\libgcc.a(lib2-divmod.o)

.debug_macinfo
 *(.debug_macinfo)

.debug_weaknames
 *(.debug_weaknames)

.debug_funcnames
 *(.debug_funcnames)

.debug_typenames
 *(.debug_typenames)

.debug_varnames
 *(.debug_varnames)

.debug_alt_sim_info
                0x0000000000000000       0x60
 *(.debug_alt_sim_info)
 .debug_alt_sim_info
                0x0000000000000000       0x30 ../LED_bsp//obj/HAL/src/crt0.o
 .debug_alt_sim_info
                0x0000000000000030       0x30 ../LED_bsp/\libhal_bsp.a(alt_busy_sleep.o)
                0x000000000002d000                __alt_data_end = 0x2d000
                0x000000000002d000                PROVIDE (__alt_stack_pointer, __alt_data_end)
                [!provide]                        PROVIDE (__alt_stack_limit, __alt_stack_base)
                [!provide]                        PROVIDE (__alt_heap_start, end)
                [!provide]                        PROVIDE (__alt_heap_limit, 0x2d000)
OUTPUT(LED.elf elf32-littlenios2)

.debug_ranges   0x0000000000000000      0x188
 .debug_ranges  0x0000000000000000       0x20 ../LED_bsp//obj/HAL/src/crt0.o
 .debug_ranges  0x0000000000000020       0x18 d:/intelfpga/18.0/nios2eds/bin/gnu/h-x86_64-mingw32/bin/../lib/gcc/nios2-elf/5.3.0/../../../../../H-x86_64-mingw32/nios2-elf/lib\libsmallc.a(lib_a-puts.o)
 .debug_ranges  0x0000000000000038       0x10 d:/intelfpga/18.0/nios2eds/bin/gnu/h-x86_64-mingw32/bin/../lib/gcc/nios2-elf/5.3.0/../../../../../H-x86_64-mingw32/nios2-elf/lib\libsmallc.a(lib_a-strlen.o)
 .debug_ranges  0x0000000000000048       0x28 d:/intelfpga/18.0/nios2eds/bin/gnu/h-x86_64-mingw32/bin/../lib/gcc/nios2-elf/5.3.0/../../../../../H-x86_64-mingw32/nios2-elf/lib\libsmallc.a(lib_a-fvwrite_small_dev.o)
 .debug_ranges  0x0000000000000070       0x10 d:/intelfpga/18.0/nios2eds/bin/gnu/h-x86_64-mingw32/bin/../lib/gcc/nios2-elf/5.3.0/../../../../../H-x86_64-mingw32/nios2-elf/lib\libsmallc.a(lib_a-writer.o)
 .debug_ranges  0x0000000000000080       0x28 ../LED_bsp/\libhal_bsp.a(alt_irq_entry.o)
 .debug_ranges  0x00000000000000a8       0x10 ../LED_bsp/\libhal_bsp.a(alt_irq_handler.o)
 .debug_ranges  0x00000000000000b8       0x18 ../LED_bsp/\libhal_bsp.a(altera_avalon_jtag_uart_read.o)
 .debug_ranges  0x00000000000000d0       0x30 ../LED_bsp/\libhal_bsp.a(alt_exception_entry.o)
 .debug_ranges  0x0000000000000100       0x18 ../LED_bsp/\libhal_bsp.a(alt_instruction_exception_entry.o)
 .debug_ranges  0x0000000000000118       0x10 d:/intelfpga/18.0/nios2eds/bin/gnu/h-x86_64-mingw32/bin/../lib/gcc/nios2-elf/5.3.0/../../../../../H-x86_64-mingw32/nios2-elf/lib\libsmallc.a(lib_a-memcmp.o)
 .debug_ranges  0x0000000000000128       0x60 d:/intelfpga/18.0/nios2eds/bin/gnu/h-x86_64-mingw32/bin/../lib/gcc/nios2-elf/5.3.0\libgcc.a(lib2-divmod.o)
